A	a.
A's	a.'s
AARP	a._a._r._p.
ABA	a._b._a.
ABC	a._b._c.
ABC's	a._b._c.'s
AC	a._c.
ACC	a._c._c.
ACLU	a._c._l._u.
ACLU's	a._c._l._u.'s
ACM	a._c._m.
AFC	a._f._c.
AFC's	a._f._c.'s
AFCs	a._f._c.s
AFL	a._f._l.
AICPA	a._i._c._p._a.
AIT	a._i._t.
AJs	a._j.s
AKC	a._k._c.
AM	a._m.
AMA	a._m._a.
AOR	a._o._r.
AP	a._p.
APA	a._p._a.
APD	a._p._d.
APR	a._p._r.
ARE	a._r._e.
ARI	a._r._i.
AST	a._s._t.
AT	a._t.
ATM	a._t._m.
ATM's	a._t._m.'s
ATS	a._t._s.
ATs	a._t.s
AZT	a._z._t.
B	b.
B's	b.'s
BB	b._b.
BBC	b._b._c.
BBC's	b._b._c.'s
BBS	b._b._s.
BBs	b._b.s
BEOG	b._e._o._g.
BG's	b._g.'s
BLY	b._l._y.
BMW	b._m._w.
BMW's	b._m._w.'s
BMWs	b._m._w.s
BP	b._p.
BS	b._s.
BSNs	b._s._n.s
BU	b._u.
BVD	b._v._d.
BVI	b._v._i.
BVR	b._v._r.
BWI	b._w._i.
BYU	b._y._u.
C	c.
C's	c.'s
CB	c._b.
CBS	c._b._s.
CC's	c._c.'s
CCC	c._c._c.
CD	c._d.
CD's	c._d.'s
CDC	c._d._c.
CDs	c._d.s
CEO	c._e._o.
CEOs	c._e._o.s
CET	c._e._t.
CFC	c._f._c.
CFC's	c._f._c.'s
CFCs	c._f._c.s
CIA	c._i._a.
CMU	c._m._u.
CNBC	c._n._b._c.
CNC	c._n._c.
CNN	c._n._n.
CNN's	c._n._n.'s
CNNN	c._n._n._n.
COTR	c._o._t._r.
CPA	c._p._a.
CPA's	c._p._a.'s
CPI	c._p._i.
CPR	c._p._r.
CPU	c._p._u.
CRX	c._r._x.
CSI	c._s._i.
CV	c._v.
CVC	c._v._c.
CWA	c._w._a.
D	d.
D's	d.'s
DA	d._a.
DA's	d._a.'s
DC	d._c.
DC's	d._c.'s
DFM	d._f._m.
DFW	d._f._w.
DIA	d._i._a.
DIS	d._i._s.
DISD	d._i._s._d.
DJ	d._j.
DJNS	d._j._n._s.
DL	d._l.
DMC	d._m._c.
DMV	d._m._v.
DMZ	d._m._z.
DNA	d._n._a.
DNB	d._n._b.
DNC	d._n._c.
DPMA	d._p._m._a.
DPW	d._p._w.
DSP	d._s._p.
DV	d._v.
DWA	d._w._a.
DWI	d._w._i.
DWI's	d._w._i.'s
DX	d._x.
E	e.
EA	e._a.
EDA	e._d._a.
EDP	e._d._p.
EDS	e._d._s.
EEC	e._e._c.
EPA	e._p._a.
ESL	e._s._l.
ESOL	e._s._o._l.
ESPN	e._s._p._n.
ET	e._t.
ETR	e._t._r.
EZ	e._z.
F	f.
FA	f._a.
FAA	f._a._a.
FBI	f._b._i.
FDA	f._d._a.
FDIC	f._d._i._c.
FFA	f._f._a.
FHA	f._h._a.
FICA	f._i._c._a.
FM	f._m.
FSLIC	f._s._l._i._c.
FX	f._x.
G	g.
GD	g._d.
GED	g._e._d.
GEDs	g._e._d.s
GI	g._i.
GIs	g._i.s
GL	g._l.
GM	g._m.
GMAC	g._m._a._c.
GMC	g._m._c.
GNK	g._n._k.
GPA	g._p._a.
GRE	g._r._e.
GSI	g._s._i.
GT	g._t.
GTE	g._t._e.
GTE's	g._t._e.'s
GTI	g._t._i.
GTO	g._t._o.
GTRI	g._t._r._i.
GTS	g._t._s.
GTs	g._t.s
GUIs	g._u._i.s
H	h.
HBO	h._b._o.
HDA	h._d._a.
HDLs	h._d._l.s
HDTV	h._d._t._v.
HEB	h._e._b.
HEC	h._e._c.
HEI	h._e._i.
HEW	h._e._w.
HIV	h._i._v.
HMO	h._m._o.
HMO's	h._m._o.'s
HMOs	h._m._o.s
HP	h._p.
HSE	h._s._e.
HSEN	h._s._e._n.
I	i.
IB	i._b.
IBM	i._b._m.
IBM's	i._b._m.'s
IBS	i._b._s.
ID	i._d.
IDMS	i._d._m._s.
IE	i._e.
II	i._i.
IN	i._n.
IO	i._o.
IQ	i._q.
IRA	i._r._a.
IRA's	i._r._a.'s
IRAs	i._r._a.s
IRS	i._r._s.
ISDN	i._s._d._n.
ITBS	i._t._b._s.
IU	i._u.
IV	i._v.
J	j.
JC	j._c.
JFK	j._f._k.
JR	j._r.
K	k.
K's	k.'s
KCBI	k._c._b._i.
KCRW	k._c._r._w.
KERA	k._e._r._a.
KGB	k._g._b.
KGPS	k._g._p._s.
KKK	k._k._k.
KLBJ	k._l._b._j.
KLIF	k._l._i._f.
KLTY	k._l._t._y.
KO	k._o.
KOA	k._o._a.
KOA's	k._o._a.'s
KRA	k._r._a.
KRLD	k._r._l._d.
KSL	k._s._l.
KVIL	k._v._i._l.
L	l.
L's	l.'s
LA	l._a.
LA's	l._a.'s
LB	l._b.
LBJ	l._b._j.
LC	l._c.
LCD	l._c._d.
LDLs	l._d._l.s
LDS	l._d._s.
LED	l._e._d.
LES	l._e._s.
LL	l._l.
LOA	l._o._a.
LP	l._p.
LP's	l._p.'s
LPGA	l._p._g._a.
LS	l._s.
LSD	l._s._d.
LSU	l._s._u.
LTD	l._t._d.
LTV	l._t._v.
LVN	l._v._n.
LX	l._x.
LXI	l._x._i.
M	m.
M's	m.'s
MC	m._c.
MC's	m._c.'s
MCC	m._c._c.
MCI	m._c._i.
MCI's	m._c._i.'s
MCP	m._c._p.
MD	m._d.
MFA	m._f._a.
MG	m._g.
MGB	m._g._b.
MIR	m._i._r.
MIS	m._i._s.
MIT	m._i._t.
MPR	m._p._r.
MPV	m._p._v.
MRI	m._r._i.
MSG	m._s._g.
MTV	m._t._v.
MVP	m._v._p.
N	n.
NAACP	n._a._a._c._p.
NBA	n._b._a.
NBC	n._b._c.
NC	n._c.
NCAA	n._c._a._a.
NCNB	n._c._n._b.
NCO	n._c._o.
NEA	n._e._a.
NFC	n._f._c.
NFL	n._f._l.
NFL's	n._f._l.'s
NIC	n._i._c.
NIH	n._i._h.
NIT	n._i._t.
NOX	n._o._x.
NPR	n._p._r.
NPR's	n._p._r.'s
NRA	n._r._a.
NRA's	n._r._a.'s
NTSC	n._t._s._c.
Ns	n.s
O	o.
OA	o._a.
OB	o._b.
OBGYN	o._b._g._y._n.
OM	o._m.
OS	o._s.
OT	o._t.
OU	o._u.
OU's	o._u.'s
P	p.
PB	p._b.
PBS	p._b._s.
PC	p._c.
PC's	p._c.'s
PCP	p._c._p.
PCV	p._c._v.
PCs	p._c.s
PE	p._e.
PFM	p._f._m.
PG	p._g.
PG's	p._g.'s
PGA	p._g._a.
PGs	p._g.s
PIE	p._i._e.
PJ	p._j.
PLO	p._l._o.
PM	p._m.
POW	p._o._w.
POW's	p._o._w.'s
PPOs	p._p._o.s
PR	p._r.
PS	p._s.
PSI	p._s._i.
PT	p._t.
PTA	p._t._a.
PTA's	p._t._a.'s
PTO	p._t._o.
PVC	p._v._c.
PhD	p._h._d.
PhD's	p._h._d.'s
Q	q.
QRA	q._r._a.
R	r.
R's	r.'s
RBI	r._b._i.
RBIs	r._b._i.s
RBQ	r._b._q.
RC	r._c.
RCA	r._c._a.
REM	r._e._m.
REO	r._e._o.
RN	r._n.
RNs	r._n.s
ROTC	r._o._t._c.
RPM	r._p._m.
RTC	r._t._c.
RV	r._v.
RVs	r._v.s
RX	r._x.
Rs	r.s
S	s.
SAE	s._a._e.
SAT	s._a._t.
SC	s._c.
SDS	s._d._s.
SE	s._e.
SEPTA	s._e._p._t._a.
SHOs	s._h._o.s
SI	s._i.
SMU	s._m._u.
SPCA	s._p._c._a.
SRI	s._r._i.
ST	s._t.
SX	s._x.
T	t.
TA	t._a.
TAC	t._a._c.
TACB	t._a._c._b.
TAs	t._a.s
TBS	t._b._s.
TCJC	t._c._j._c.
TCU	t._c._u.
TDY	t._d._y.
TGI	t._g._i.
TI	t._i.
TI's	t._i.'s
TIAA	t._i._a._a.
TJ	t._j.
TKO	t._k._o.
TP	t._p.
TQ	t._q.
TR	t._r.
TRS	t._r._s.
TRW	t._r._w.
TV	t._v.
TV's	t._v.'s
TVs	t._v.s
TWU	t._w._u.
U	u.
UAB	u._a._b.
UB	u._b.
UCF	u._c._f.
UCLA	u._c._l._a.
UN	u._n.
UNC	u._n._c.
UNLV	u._n._l._v.
UNLV's	u._n._l._v.'s
UPI	u._p._i.
UPS	u._p._s.
US	u._s.
USA	u._s._a.
USAA	u._s._a._a.
USC	u._s._c.
USFL	u._s._f._l.
USO	u._s._o.
USR	u._s._r.
USSR	u._s._s._r.
USSR's	u._s._s._r.'s
UT	u._t.
UTA	u._t._a.
UTD	u._t._d.
UUCP	u._u._c._p.
UVA	u._v._a.
V	v.
VA	v._a.
VCR	v._c._r.
VCR's	v._c._r.'s
VCRs	v._c._r.s
VCX	v._c._x.
VDB	v._d._b.
VGA	v._g._a.
VH	v._h.
VHS	v._h._s.
VI	v._i.
VIP	v._i._p.
VIV	v._i._v.
VOCs	v._o._c.s
VP	v._p.
VPI	v._p._i.
VPs	v._p.s
VW	v._w.
VX	v._x.
WBZ	w._b._z.
WCBS	w._c._b._s.
WF	w._f.
WGST	w._g._s._t.
WJ	w._j.
WJLA	w._j._l._a.
WPA	w._p._a.
WR	w._r.
WRR	w._r._r.
WSB	w._s._b.
WTT	w._t._t.
WWAFL	w._w._a._f._l.
WWALF	w._w._a._l._f.
X	x.
XJS	x._j._s.
XT	x._t.
XYZ	x._y._z.
Y	y.
YM	y._m.
YMCA	y._m._c._a.
YWCA	y._w._c._a.
Z	z.
b	b.
d's	d.'s
e	e.
i	i.
l	l.
p	p.
t	t.
u	u.
x	x.
