test/dr1/mdab0/si1039.wav
test/dr1/mdab0/si1669.wav
test/dr1/mdab0/si2299.wav
test/dr1/mdab0/sx139.wav
test/dr1/mdab0/sx229.wav
test/dr1/mdab0/sx319.wav
test/dr1/mdab0/sx409.wav
test/dr1/mdab0/sx49.wav
test/dr1/mwbt0/si1553.wav
test/dr1/mwbt0/si2183.wav
test/dr1/mwbt0/si923.wav
test/dr1/mwbt0/sx113.wav
test/dr1/mwbt0/sx203.wav
test/dr1/mwbt0/sx23.wav
test/dr1/mwbt0/sx293.wav
test/dr1/mwbt0/sx383.wav
test/dr2/mtas1/si1473.wav
test/dr2/mtas1/si2098.wav
test/dr2/mtas1/si838.wav
test/dr2/mtas1/sx118.wav
test/dr2/mtas1/sx208.wav
test/dr2/mtas1/sx28.wav
test/dr2/mtas1/sx298.wav
test/dr2/mtas1/sx388.wav
test/dr2/mwew0/si1361.wav
test/dr2/mwew0/si1991.wav
test/dr2/mwew0/si731.wav
test/dr2/mwew0/sx101.wav
test/dr2/mwew0/sx11.wav
test/dr2/mwew0/sx191.wav
test/dr2/mwew0/sx281.wav
test/dr2/mwew0/sx371.wav
test/dr3/mjmp0/si1535.wav
test/dr3/mjmp0/si1791.wav
test/dr3/mjmp0/si905.wav
test/dr3/mjmp0/sx185.wav
test/dr3/mjmp0/sx275.wav
test/dr3/mjmp0/sx365.wav
test/dr3/mjmp0/sx5.wav
test/dr3/mjmp0/sx95.wav
test/dr3/mlnt0/si1574.wav
test/dr3/mlnt0/si1902.wav
test/dr3/mlnt0/si642.wav
test/dr3/mlnt0/sx102.wav
test/dr3/mlnt0/sx12.wav
test/dr3/mlnt0/sx192.wav
test/dr3/mlnt0/sx282.wav
test/dr3/mlnt0/sx372.wav
test/dr4/mlll0/si1363.wav
test/dr4/mlll0/si1993.wav
test/dr4/mlll0/si733.wav
test/dr4/mlll0/sx103.wav
test/dr4/mlll0/sx13.wav
test/dr4/mlll0/sx193.wav
test/dr4/mlll0/sx283.wav
test/dr4/mlll0/sx373.wav
test/dr4/mtls0/si1370.wav
test/dr4/mtls0/si2000.wav
test/dr4/mtls0/si740.wav
test/dr4/mtls0/sx110.wav
test/dr4/mtls0/sx20.wav
test/dr4/mtls0/sx200.wav
test/dr4/mtls0/sx290.wav
test/dr4/mtls0/sx380.wav
test/dr5/mbpm0/si1577.wav
test/dr5/mbpm0/si1584.wav
test/dr5/mbpm0/si947.wav
test/dr5/mbpm0/sx137.wav
test/dr5/mbpm0/sx227.wav
test/dr5/mbpm0/sx317.wav
test/dr5/mbpm0/sx407.wav
test/dr5/mbpm0/sx47.wav
test/dr5/mklt0/si1213.wav
test/dr5/mklt0/si1843.wav
test/dr5/mklt0/si583.wav
test/dr5/mklt0/sx133.wav
test/dr5/mklt0/sx223.wav
test/dr5/mklt0/sx313.wav
test/dr5/mklt0/sx403.wav
test/dr5/mklt0/sx43.wav
test/dr6/mcmj0/si1094.wav
test/dr6/mcmj0/si464.wav
test/dr6/mcmj0/si602.wav
test/dr6/mcmj0/sx104.wav
test/dr6/mcmj0/sx14.wav
test/dr6/mcmj0/sx194.wav
test/dr6/mcmj0/sx284.wav
test/dr6/mcmj0/sx374.wav
test/dr6/mjdh0/si1354.wav
test/dr6/mjdh0/si1984.wav
test/dr6/mjdh0/si724.wav
test/dr6/mjdh0/sx184.wav
test/dr6/mjdh0/sx274.wav
test/dr6/mjdh0/sx364.wav
test/dr6/mjdh0/sx4.wav
test/dr6/mjdh0/sx94.wav
test/dr7/mgrt0/si1450.wav
test/dr7/mgrt0/si2080.wav
test/dr7/mgrt0/si820.wav
test/dr7/mgrt0/sx10.wav
test/dr7/mgrt0/sx100.wav
test/dr7/mgrt0/sx190.wav
test/dr7/mgrt0/sx280.wav
test/dr7/mgrt0/sx370.wav
test/dr7/mnjm0/si1580.wav
test/dr7/mnjm0/si2210.wav
test/dr7/mnjm0/si950.wav
test/dr7/mnjm0/sx140.wav
test/dr7/mnjm0/sx230.wav
test/dr7/mnjm0/sx320.wav
test/dr7/mnjm0/sx410.wav
test/dr7/mnjm0/sx50.wav
test/dr8/mjln0/si1449.wav
test/dr8/mjln0/si2079.wav
test/dr8/mjln0/si819.wav
test/dr8/mjln0/sx189.wav
test/dr8/mjln0/sx279.wav
test/dr8/mjln0/sx369.wav
test/dr8/mjln0/sx9.wav
test/dr8/mjln0/sx99.wav
test/dr8/mpam0/si1189.wav
test/dr8/mpam0/si1819.wav
test/dr8/mpam0/si1961.wav
test/dr8/mpam0/sx109.wav
test/dr8/mpam0/sx19.wav
test/dr8/mpam0/sx199.wav
test/dr8/mpam0/sx289.wav
test/dr8/mpam0/sx379.wav
test/dr1/felc0/si1386.wav
test/dr1/felc0/si2016.wav
test/dr1/felc0/si756.wav
test/dr1/felc0/sx126.wav
test/dr1/felc0/sx216.wav
test/dr1/felc0/sx306.wav
test/dr1/felc0/sx36.wav
test/dr1/felc0/sx396.wav
test/dr2/fpas0/si1272.wav
test/dr2/fpas0/si2204.wav
test/dr2/fpas0/si944.wav
test/dr2/fpas0/sx134.wav
test/dr2/fpas0/sx224.wav
test/dr2/fpas0/sx314.wav
test/dr2/fpas0/sx404.wav
test/dr2/fpas0/sx44.wav
test/dr3/fpkt0/si1538.wav
test/dr3/fpkt0/si2168.wav
test/dr3/fpkt0/si908.wav
test/dr3/fpkt0/sx188.wav
test/dr3/fpkt0/sx278.wav
test/dr3/fpkt0/sx368.wav
test/dr3/fpkt0/sx8.wav
test/dr3/fpkt0/sx98.wav
test/dr4/fjlm0/si1043.wav
test/dr4/fjlm0/si1673.wav
test/dr4/fjlm0/si2303.wav
test/dr4/fjlm0/sx143.wav
test/dr4/fjlm0/sx233.wav
test/dr4/fjlm0/sx323.wav
test/dr4/fjlm0/sx413.wav
test/dr4/fjlm0/sx53.wav
test/dr5/fnlp0/si1308.wav
test/dr5/fnlp0/si1938.wav
test/dr5/fnlp0/si678.wav
test/dr5/fnlp0/sx138.wav
test/dr5/fnlp0/sx228.wav
test/dr5/fnlp0/sx318.wav
test/dr5/fnlp0/sx408.wav
test/dr5/fnlp0/sx48.wav
test/dr6/fmgd0/si1564.wav
test/dr6/fmgd0/si2194.wav
test/dr6/fmgd0/si934.wav
test/dr6/fmgd0/sx124.wav
test/dr6/fmgd0/sx214.wav
test/dr6/fmgd0/sx304.wav
test/dr6/fmgd0/sx34.wav
test/dr6/fmgd0/sx394.wav
test/dr7/fdhc0/si1559.wav
test/dr7/fdhc0/si2189.wav
test/dr7/fdhc0/si929.wav
test/dr7/fdhc0/sx119.wav
test/dr7/fdhc0/sx209.wav
test/dr7/fdhc0/sx29.wav
test/dr7/fdhc0/sx299.wav
test/dr7/fdhc0/sx389.wav
test/dr8/fmld0/si2185.wav
test/dr8/fmld0/si822.wav
test/dr8/fmld0/si925.wav
test/dr8/fmld0/sx115.wav
test/dr8/fmld0/sx205.wav
test/dr8/fmld0/sx25.wav
test/dr8/fmld0/sx295.wav
test/dr8/fmld0/sx385.wav
