train/dr1/fcjf0/si1027.wav
train/dr1/fcjf0/si1657.wav
train/dr1/fcjf0/si648.wav
train/dr1/fcjf0/sx127.wav
train/dr1/fcjf0/sx217.wav
train/dr1/fcjf0/sx307.wav
train/dr1/fcjf0/sx37.wav
train/dr1/fcjf0/sx397.wav
train/dr1/fdaw0/si1271.wav
train/dr1/fdaw0/si1406.wav
train/dr1/fdaw0/si2036.wav
train/dr1/fdaw0/sx146.wav
train/dr1/fdaw0/sx236.wav
train/dr1/fdaw0/sx326.wav
train/dr1/fdaw0/sx416.wav
train/dr1/fdaw0/sx56.wav
train/dr1/fdml0/si1149.wav
train/dr1/fdml0/si1779.wav
train/dr1/fdml0/si2075.wav
train/dr1/fdml0/sx159.wav
train/dr1/fdml0/sx249.wav
train/dr1/fdml0/sx339.wav
train/dr1/fdml0/sx429.wav
train/dr1/fdml0/sx69.wav
train/dr1/fecd0/si1418.wav
train/dr1/fecd0/si2048.wav
train/dr1/fecd0/si788.wav
train/dr1/fecd0/sx158.wav
train/dr1/fecd0/sx248.wav
train/dr1/fecd0/sx338.wav
train/dr1/fecd0/sx428.wav
train/dr1/fecd0/sx68.wav
train/dr1/fetb0/si1148.wav
train/dr1/fetb0/si1778.wav
train/dr1/fetb0/si518.wav
train/dr1/fetb0/sx158.wav
train/dr1/fetb0/sx248.wav
train/dr1/fetb0/sx338.wav
train/dr1/fetb0/sx428.wav
train/dr1/fetb0/sx68.wav
train/dr1/fjsp0/si1434.wav
train/dr1/fjsp0/si1763.wav
train/dr1/fjsp0/si804.wav
train/dr1/fjsp0/sx174.wav
train/dr1/fjsp0/sx264.wav
train/dr1/fjsp0/sx354.wav
train/dr1/fjsp0/sx444.wav
train/dr1/fjsp0/sx84.wav
train/dr1/fkfb0/si1608.wav
train/dr1/fkfb0/si2238.wav
train/dr1/fkfb0/si978.wav
train/dr1/fkfb0/sx168.wav
train/dr1/fkfb0/sx258.wav
train/dr1/fkfb0/sx348.wav
train/dr1/fkfb0/sx438.wav
train/dr1/fkfb0/sx78.wav
train/dr1/fmem0/si1377.wav
train/dr1/fmem0/si2007.wav
train/dr1/fmem0/si747.wav
train/dr1/fmem0/sx117.wav
train/dr1/fmem0/sx207.wav
train/dr1/fmem0/sx297.wav
train/dr1/fmem0/sx333.wav
train/dr1/fmem0/sx387.wav
train/dr1/fsah0/si1244.wav
train/dr1/fsah0/si1874.wav
train/dr1/fsah0/si614.wav
train/dr1/fsah0/sx164.wav
train/dr1/fsah0/sx327.wav
train/dr1/fsah0/sx344.wav
train/dr1/fsah0/sx434.wav
train/dr1/fsah0/sx74.wav
train/dr1/fsjk1/si1025.wav
train/dr1/fsjk1/si2285.wav
train/dr1/fsjk1/si696.wav
train/dr1/fsjk1/sx125.wav
train/dr1/fsjk1/sx215.wav
train/dr1/fsjk1/sx305.wav
train/dr1/fsjk1/sx35.wav
train/dr1/fsjk1/sx395.wav
train/dr1/fsma0/si1621.wav
train/dr1/fsma0/si2251.wav
train/dr1/fsma0/si991.wav
train/dr1/fsma0/sx181.wav
train/dr1/fsma0/sx271.wav
train/dr1/fsma0/sx361.wav
train/dr1/fsma0/sx451.wav
train/dr1/fsma0/sx91.wav
train/dr1/ftbr0/si1402.wav
train/dr1/ftbr0/si2181.wav
train/dr1/ftbr0/si921.wav
train/dr1/ftbr0/sx111.wav
train/dr1/ftbr0/sx201.wav
train/dr1/ftbr0/sx21.wav
train/dr1/ftbr0/sx291.wav
train/dr1/ftbr0/sx381.wav
train/dr1/fvfb0/si1032.wav
train/dr1/fvfb0/si1510.wav
train/dr1/fvfb0/si2292.wav
train/dr1/fvfb0/sx132.wav
train/dr1/fvfb0/sx222.wav
train/dr1/fvfb0/sx312.wav
train/dr1/fvfb0/sx402.wav
train/dr1/fvfb0/sx42.wav
train/dr1/fvmh0/si1466.wav
train/dr1/fvmh0/si2096.wav
train/dr1/fvmh0/si836.wav
train/dr1/fvmh0/sx116.wav
train/dr1/fvmh0/sx206.wav
train/dr1/fvmh0/sx26.wav
train/dr1/fvmh0/sx296.wav
train/dr1/fvmh0/sx386.wav
train/dr1/mcpm0/si1194.wav
train/dr1/mcpm0/si1824.wav
train/dr1/mcpm0/si564.wav
train/dr1/mcpm0/sx114.wav
train/dr1/mcpm0/sx204.wav
train/dr1/mcpm0/sx24.wav
train/dr1/mcpm0/sx294.wav
train/dr1/mcpm0/sx384.wav
train/dr1/mdac0/si1261.wav
train/dr1/mdac0/si1837.wav
train/dr1/mdac0/si631.wav
train/dr1/mdac0/sx181.wav
train/dr1/mdac0/sx271.wav
train/dr1/mdac0/sx361.wav
train/dr1/mdac0/sx451.wav
train/dr1/mdac0/sx91.wav
train/dr1/mdpk0/si1053.wav
train/dr1/mdpk0/si1683.wav
train/dr1/mdpk0/si552.wav
train/dr1/mdpk0/sx153.wav
train/dr1/mdpk0/sx243.wav
train/dr1/mdpk0/sx333.wav
train/dr1/mdpk0/sx423.wav
train/dr1/mdpk0/sx63.wav
train/dr1/medr0/si1374.wav
train/dr1/medr0/si2004.wav
train/dr1/medr0/si744.wav
train/dr1/medr0/sx114.wav
train/dr1/medr0/sx204.wav
train/dr1/medr0/sx24.wav
train/dr1/medr0/sx294.wav
train/dr1/medr0/sx384.wav
train/dr1/mgrl0/si1497.wav
train/dr1/mgrl0/si2127.wav
train/dr1/mgrl0/si867.wav
train/dr1/mgrl0/sx147.wav
train/dr1/mgrl0/sx237.wav
train/dr1/mgrl0/sx327.wav
train/dr1/mgrl0/sx417.wav
train/dr1/mgrl0/sx57.wav
train/dr1/mjeb1/si1467.wav
train/dr1/mjeb1/si2097.wav
train/dr1/mjeb1/si837.wav
train/dr1/mjeb1/sx117.wav
train/dr1/mjeb1/sx207.wav
train/dr1/mjeb1/sx27.wav
train/dr1/mjeb1/sx297.wav
train/dr1/mjeb1/sx387.wav
train/dr1/mjwt0/si1291.wav
train/dr1/mjwt0/si1381.wav
train/dr1/mjwt0/si751.wav
train/dr1/mjwt0/sx121.wav
train/dr1/mjwt0/sx211.wav
train/dr1/mjwt0/sx301.wav
train/dr1/mjwt0/sx31.wav
train/dr1/mjwt0/sx391.wav
train/dr1/mkls0/si1437.wav
train/dr1/mkls0/si1533.wav
train/dr1/mkls0/si2067.wav
train/dr1/mkls0/sx177.wav
train/dr1/mkls0/sx267.wav
train/dr1/mkls0/sx357.wav
train/dr1/mkls0/sx447.wav
train/dr1/mkls0/sx87.wav
train/dr1/mklw0/si1571.wav
train/dr1/mklw0/si1844.wav
train/dr1/mklw0/si2201.wav
train/dr1/mklw0/sx131.wav
train/dr1/mklw0/sx221.wav
train/dr1/mklw0/sx311.wav
train/dr1/mklw0/sx401.wav
train/dr1/mklw0/sx41.wav
train/dr1/mmgg0/si1079.wav
train/dr1/mmgg0/si1709.wav
train/dr1/mmgg0/si2339.wav
train/dr1/mmgg0/sx179.wav
train/dr1/mmgg0/sx269.wav
train/dr1/mmgg0/sx359.wav
train/dr1/mmgg0/sx449.wav
train/dr1/mmgg0/sx89.wav
train/dr1/mmrp0/si2034.wav
train/dr1/mmrp0/si717.wav
train/dr1/mmrp0/si774.wav
train/dr1/mmrp0/sx144.wav
train/dr1/mmrp0/sx234.wav
train/dr1/mmrp0/sx324.wav
train/dr1/mmrp0/sx414.wav
train/dr1/mmrp0/sx54.wav
train/dr1/mpgh0/si1554.wav
train/dr1/mpgh0/si675.wav
train/dr1/mpgh0/si924.wav
train/dr1/mpgh0/sx114.wav
train/dr1/mpgh0/sx204.wav
train/dr1/mpgh0/sx24.wav
train/dr1/mpgh0/sx294.wav
train/dr1/mpgh0/sx384.wav
train/dr1/mpgr0/si1410.wav
train/dr1/mpgr0/si2040.wav
train/dr1/mpgr0/si780.wav
train/dr1/mpgr0/sx150.wav
train/dr1/mpgr0/sx240.wav
train/dr1/mpgr0/sx330.wav
train/dr1/mpgr0/sx420.wav
train/dr1/mpgr0/sx60.wav
train/dr1/mpsw0/si1067.wav
train/dr1/mpsw0/si1697.wav
train/dr1/mpsw0/si2327.wav
train/dr1/mpsw0/sx167.wav
train/dr1/mpsw0/sx24.wav
train/dr1/mpsw0/sx257.wav
train/dr1/mpsw0/sx437.wav
train/dr1/mpsw0/sx77.wav
train/dr1/mrai0/si1954.wav
train/dr1/mrai0/si2052.wav
train/dr1/mrai0/si792.wav
train/dr1/mrai0/sx162.wav
train/dr1/mrai0/sx252.wav
train/dr1/mrai0/sx342.wav
train/dr1/mrai0/sx432.wav
train/dr1/mrai0/sx72.wav
train/dr1/mrcg0/si1428.wav
train/dr1/mrcg0/si2058.wav
train/dr1/mrcg0/si798.wav
train/dr1/mrcg0/sx168.wav
train/dr1/mrcg0/sx258.wav
train/dr1/mrcg0/sx348.wav
train/dr1/mrcg0/sx438.wav
train/dr1/mrcg0/sx78.wav
train/dr1/mrdd0/si1050.wav
train/dr1/mrdd0/si1680.wav
train/dr1/mrdd0/si2310.wav
train/dr1/mrdd0/sx150.wav
train/dr1/mrdd0/sx240.wav
train/dr1/mrdd0/sx277.wav
train/dr1/mrdd0/sx330.wav
train/dr1/mrdd0/sx60.wav
train/dr1/mrso0/si1206.wav
train/dr1/mrso0/si1659.wav
train/dr1/mrso0/si2289.wav
train/dr1/mrso0/sx129.wav
train/dr1/mrso0/sx219.wav
train/dr1/mrso0/sx309.wav
train/dr1/mrso0/sx39.wav
train/dr1/mrso0/sx399.wav
train/dr1/mrws0/si1102.wav
train/dr1/mrws0/si1732.wav
train/dr1/mrws0/si472.wav
train/dr1/mrws0/sx112.wav
train/dr1/mrws0/sx202.wav
train/dr1/mrws0/sx22.wav
train/dr1/mrws0/sx292.wav
train/dr1/mrws0/sx382.wav
train/dr1/mtjs0/si1192.wav
train/dr1/mtjs0/si1822.wav
train/dr1/mtjs0/si562.wav
train/dr1/mtjs0/sx112.wav
train/dr1/mtjs0/sx202.wav
train/dr1/mtjs0/sx22.wav
train/dr1/mtjs0/sx292.wav
train/dr1/mtjs0/sx382.wav
train/dr1/mtpf0/si1235.wav
train/dr1/mtpf0/si1865.wav
train/dr1/mtpf0/si605.wav
train/dr1/mtpf0/sx155.wav
train/dr1/mtpf0/sx245.wav
train/dr1/mtpf0/sx335.wav
train/dr1/mtpf0/sx425.wav
train/dr1/mtpf0/sx65.wav
train/dr1/mtrr0/si1548.wav
train/dr1/mtrr0/si2178.wav
train/dr1/mtrr0/si918.wav
train/dr1/mtrr0/sx108.wav
train/dr1/mtrr0/sx18.wav
train/dr1/mtrr0/sx198.wav
train/dr1/mtrr0/sx288.wav
train/dr1/mtrr0/sx378.wav
train/dr1/mwad0/si1062.wav
train/dr1/mwad0/si1749.wav
train/dr1/mwad0/si2322.wav
train/dr1/mwad0/sx162.wav
train/dr1/mwad0/sx252.wav
train/dr1/mwad0/sx342.wav
train/dr1/mwad0/sx432.wav
train/dr1/mwad0/sx72.wav
train/dr1/mwar0/si1045.wav
train/dr1/mwar0/si1675.wav
train/dr1/mwar0/si2305.wav
train/dr1/mwar0/sx145.wav
train/dr1/mwar0/sx235.wav
train/dr1/mwar0/sx325.wav
train/dr1/mwar0/sx415.wav
train/dr1/mwar0/sx55.wav
train/dr2/faem0/si1392.wav
train/dr2/faem0/si2022.wav
train/dr2/faem0/si762.wav
train/dr2/faem0/sx132.wav
train/dr2/faem0/sx222.wav
train/dr2/faem0/sx312.wav
train/dr2/faem0/sx402.wav
train/dr2/faem0/sx42.wav
train/dr2/fajw0/si1263.wav
train/dr2/fajw0/si1893.wav
train/dr2/fajw0/si633.wav
train/dr2/fajw0/sx183.wav
train/dr2/fajw0/sx273.wav
train/dr2/fajw0/sx3.wav
train/dr2/fajw0/sx363.wav
train/dr2/fajw0/sx93.wav
train/dr2/fcaj0/si1479.wav
train/dr2/fcaj0/si1804.wav
train/dr2/fcaj0/si849.wav
train/dr2/fcaj0/sx129.wav
train/dr2/fcaj0/sx219.wav
train/dr2/fcaj0/sx309.wav
train/dr2/fcaj0/sx39.wav
train/dr2/fcaj0/sx399.wav
train/dr2/fcmm0/si1083.wav
train/dr2/fcmm0/si1957.wav
train/dr2/fcmm0/si453.wav
train/dr2/fcmm0/sx183.wav
train/dr2/fcmm0/sx273.wav
train/dr2/fcmm0/sx363.wav
train/dr2/fcmm0/sx420.wav
train/dr2/fcmm0/sx93.wav
train/dr2/fcyl0/si1297.wav
train/dr2/fcyl0/si1927.wav
train/dr2/fcyl0/si667.wav
train/dr2/fcyl0/sx127.wav
train/dr2/fcyl0/sx217.wav
train/dr2/fcyl0/sx349.wav
train/dr2/fcyl0/sx37.wav
train/dr2/fcyl0/sx397.wav
train/dr2/fdas1/si1461.wav
train/dr2/fdas1/si2091.wav
train/dr2/fdas1/si831.wav
train/dr2/fdas1/sx111.wav
train/dr2/fdas1/sx201.wav
train/dr2/fdas1/sx21.wav
train/dr2/fdas1/sx291.wav
train/dr2/fdas1/sx381.wav
train/dr2/fdnc0/si1278.wav
train/dr2/fdnc0/si1908.wav
train/dr2/fdnc0/si2287.wav
train/dr2/fdnc0/sx108.wav
train/dr2/fdnc0/sx18.wav
train/dr2/fdnc0/sx198.wav
train/dr2/fdnc0/sx288.wav
train/dr2/fdnc0/sx378.wav
train/dr2/fdxw0/si1511.wav
train/dr2/fdxw0/si2141.wav
train/dr2/fdxw0/si881.wav
train/dr2/fdxw0/sx161.wav
train/dr2/fdxw0/sx251.wav
train/dr2/fdxw0/sx341.wav
train/dr2/fdxw0/sx431.wav
train/dr2/fdxw0/sx71.wav
train/dr2/feac0/si1245.wav
train/dr2/feac0/si1875.wav
train/dr2/feac0/si615.wav
train/dr2/feac0/sx165.wav
train/dr2/feac0/sx255.wav
train/dr2/feac0/sx345.wav
train/dr2/feac0/sx435.wav
train/dr2/feac0/sx75.wav
train/dr2/fhlm0/si1560.wav
train/dr2/fhlm0/si2190.wav
train/dr2/fhlm0/si930.wav
train/dr2/fhlm0/sx120.wav
train/dr2/fhlm0/sx210.wav
train/dr2/fhlm0/sx300.wav
train/dr2/fhlm0/sx349.wav
train/dr2/fhlm0/sx390.wav
train/dr2/fjkl0/si1562.wav
train/dr2/fjkl0/si2192.wav
train/dr2/fjkl0/si932.wav
train/dr2/fjkl0/sx122.wav
train/dr2/fjkl0/sx212.wav
train/dr2/fjkl0/sx302.wav
train/dr2/fjkl0/sx32.wav
train/dr2/fjkl0/sx392.wav
train/dr2/fkaa0/si1208.wav
train/dr2/fkaa0/si1838.wav
train/dr2/fkaa0/si578.wav
train/dr2/fkaa0/sx128.wav
train/dr2/fkaa0/sx218.wav
train/dr2/fkaa0/sx308.wav
train/dr2/fkaa0/sx38.wav
train/dr2/fkaa0/sx398.wav
train/dr2/flma0/si1243.wav
train/dr2/flma0/si1873.wav
train/dr2/flma0/si613.wav
train/dr2/flma0/sx163.wav
train/dr2/flma0/sx253.wav
train/dr2/flma0/sx343.wav
train/dr2/flma0/sx433.wav
train/dr2/flma0/sx73.wav
train/dr2/flmc0/si1372.wav
train/dr2/flmc0/si2002.wav
train/dr2/flmc0/si742.wav
train/dr2/flmc0/sx112.wav
train/dr2/flmc0/sx22.wav
train/dr2/flmc0/sx292.wav
train/dr2/flmc0/sx336.wav
train/dr2/flmc0/sx382.wav
train/dr2/fmjb0/si1177.wav
train/dr2/fmjb0/si1807.wav
train/dr2/fmjb0/si547.wav
train/dr2/fmjb0/sx187.wav
train/dr2/fmjb0/sx277.wav
train/dr2/fmjb0/sx367.wav
train/dr2/fmjb0/sx7.wav
train/dr2/fmjb0/sx97.wav
train/dr2/fmkf0/si1018.wav
train/dr2/fmkf0/si1536.wav
train/dr2/fmkf0/si906.wav
train/dr2/fmkf0/sx186.wav
train/dr2/fmkf0/sx276.wav
train/dr2/fmkf0/sx366.wav
train/dr2/fmkf0/sx6.wav
train/dr2/fmkf0/sx96.wav
train/dr2/fmmh0/si1537.wav
train/dr2/fmmh0/si2167.wav
train/dr2/fmmh0/si907.wav
train/dr2/fmmh0/sx187.wav
train/dr2/fmmh0/sx367.wav
train/dr2/fmmh0/sx420.wav
train/dr2/fmmh0/sx7.wav
train/dr2/fmmh0/sx97.wav
train/dr2/fpjf0/si1046.wav
train/dr2/fpjf0/si1259.wav
train/dr2/fpjf0/si1676.wav
train/dr2/fpjf0/sx146.wav
train/dr2/fpjf0/sx236.wav
train/dr2/fpjf0/sx326.wav
train/dr2/fpjf0/sx352.wav
train/dr2/fpjf0/sx56.wav
train/dr2/frll0/si1514.wav
train/dr2/frll0/si805.wav
train/dr2/frll0/si884.wav
train/dr2/frll0/sx164.wav
train/dr2/frll0/sx254.wav
train/dr2/frll0/sx344.wav
train/dr2/frll0/sx434.wav
train/dr2/frll0/sx74.wav
train/dr2/fscn0/si1886.wav
train/dr2/fscn0/si626.wav
train/dr2/fscn0/si705.wav
train/dr2/fscn0/sx176.wav
train/dr2/fscn0/sx266.wav
train/dr2/fscn0/sx356.wav
train/dr2/fscn0/sx446.wav
train/dr2/fscn0/sx86.wav
train/dr2/fskl0/si1529.wav
train/dr2/fskl0/si2159.wav
train/dr2/fskl0/si899.wav
train/dr2/fskl0/sx179.wav
train/dr2/fskl0/sx269.wav
train/dr2/fskl0/sx359.wav
train/dr2/fskl0/sx449.wav
train/dr2/fskl0/sx89.wav
train/dr2/fsrh0/si1719.wav
train/dr2/fsrh0/si1931.wav
train/dr2/fsrh0/si671.wav
train/dr2/fsrh0/sx131.wav
train/dr2/fsrh0/sx221.wav
train/dr2/fsrh0/sx311.wav
train/dr2/fsrh0/sx401.wav
train/dr2/fsrh0/sx41.wav
train/dr2/ftmg0/si1532.wav
train/dr2/ftmg0/si2162.wav
train/dr2/ftmg0/si902.wav
train/dr2/ftmg0/sx182.wav
train/dr2/ftmg0/sx272.wav
train/dr2/ftmg0/sx362.wav
train/dr2/ftmg0/sx452.wav
train/dr2/ftmg0/sx92.wav
train/dr2/marc0/si1188.wav
train/dr2/marc0/si1818.wav
train/dr2/marc0/si558.wav
train/dr2/marc0/sx108.wav
train/dr2/marc0/sx18.wav
train/dr2/marc0/sx198.wav
train/dr2/marc0/sx288.wav
train/dr2/marc0/sx378.wav
train/dr2/mbjv0/si1247.wav
train/dr2/mbjv0/si1877.wav
train/dr2/mbjv0/si617.wav
train/dr2/mbjv0/sx167.wav
train/dr2/mbjv0/sx257.wav
train/dr2/mbjv0/sx347.wav
train/dr2/mbjv0/sx437.wav
train/dr2/mbjv0/sx77.wav
train/dr2/mcew0/si1442.wav
train/dr2/mcew0/si2072.wav
train/dr2/mcew0/si812.wav
train/dr2/mcew0/sx182.wav
train/dr2/mcew0/sx272.wav
train/dr2/mcew0/sx362.wav
train/dr2/mcew0/sx452.wav
train/dr2/mcew0/sx92.wav
train/dr2/mctm0/si1350.wav
train/dr2/mctm0/si1980.wav
train/dr2/mctm0/si720.wav
train/dr2/mctm0/sx180.wav
train/dr2/mctm0/sx270.wav
train/dr2/mctm0/sx360.wav
train/dr2/mctm0/sx450.wav
train/dr2/mctm0/sx90.wav
train/dr2/mdbp0/si1158.wav
train/dr2/mdbp0/si1788.wav
train/dr2/mdbp0/si528.wav
train/dr2/mdbp0/sx168.wav
train/dr2/mdbp0/sx258.wav
train/dr2/mdbp0/sx348.wav
train/dr2/mdbp0/sx438.wav
train/dr2/mdbp0/sx78.wav
train/dr2/mdem0/si1868.wav
train/dr2/mdem0/si608.wav
train/dr2/mdem0/si800.wav
train/dr2/mdem0/sx158.wav
train/dr2/mdem0/sx248.wav
train/dr2/mdem0/sx338.wav
train/dr2/mdem0/sx428.wav
train/dr2/mdem0/sx68.wav
train/dr2/mdlb0/si1306.wav
train/dr2/mdlb0/si1936.wav
train/dr2/mdlb0/si676.wav
train/dr2/mdlb0/sx136.wav
train/dr2/mdlb0/sx226.wav
train/dr2/mdlb0/sx316.wav
train/dr2/mdlb0/sx406.wav
train/dr2/mdlb0/sx46.wav
train/dr2/mdlc2/si1614.wav
train/dr2/mdlc2/si2244.wav
train/dr2/mdlc2/si984.wav
train/dr2/mdlc2/sx174.wav
train/dr2/mdlc2/sx264.wav
train/dr2/mdlc2/sx354.wav
train/dr2/mdlc2/sx444.wav
train/dr2/mdlc2/sx84.wav
train/dr2/mdmt0/si1832.wav
train/dr2/mdmt0/si2341.wav
train/dr2/mdmt0/si572.wav
train/dr2/mdmt0/sx122.wav
train/dr2/mdmt0/sx212.wav
train/dr2/mdmt0/sx302.wav
train/dr2/mdmt0/sx32.wav
train/dr2/mdmt0/sx392.wav
train/dr2/mdps0/si1651.wav
train/dr2/mdps0/si1979.wav
train/dr2/mdps0/si719.wav
train/dr2/mdps0/sx179.wav
train/dr2/mdps0/sx269.wav
train/dr2/mdps0/sx359.wav
train/dr2/mdps0/sx449.wav
train/dr2/mdps0/sx89.wav
train/dr2/mdss0/si1881.wav
train/dr2/mdss0/si2087.wav
train/dr2/mdss0/si621.wav
train/dr2/mdss0/sx171.wav
train/dr2/mdss0/sx261.wav
train/dr2/mdss0/sx351.wav
train/dr2/mdss0/sx441.wav
train/dr2/mdss0/sx81.wav
train/dr2/mdwd0/si1260.wav
train/dr2/mdwd0/si1890.wav
train/dr2/mdwd0/si557.wav
train/dr2/mdwd0/sx180.wav
train/dr2/mdwd0/sx270.wav
train/dr2/mdwd0/sx360.wav
train/dr2/mdwd0/sx450.wav
train/dr2/mdwd0/sx90.wav
train/dr2/mefg0/si465.wav
train/dr2/mefg0/si491.wav
train/dr2/mefg0/si598.wav
train/dr2/mefg0/sx105.wav
train/dr2/mefg0/sx15.wav
train/dr2/mefg0/sx195.wav
train/dr2/mefg0/sx285.wav
train/dr2/mefg0/sx375.wav
train/dr2/mhrm0/si1475.wav
train/dr2/mhrm0/si2218.wav
train/dr2/mhrm0/si958.wav
train/dr2/mhrm0/sx148.wav
train/dr2/mhrm0/sx238.wav
train/dr2/mhrm0/sx328.wav
train/dr2/mhrm0/sx418.wav
train/dr2/mhrm0/sx58.wav
train/dr2/mjae0/si1524.wav
train/dr2/mjae0/si1999.wav
train/dr2/mjae0/si2154.wav
train/dr2/mjae0/sx174.wav
train/dr2/mjae0/sx264.wav
train/dr2/mjae0/sx354.wav
train/dr2/mjae0/sx444.wav
train/dr2/mjae0/sx84.wav
train/dr2/mjbg0/si1232.wav
train/dr2/mjbg0/si1724.wav
train/dr2/mjbg0/si1862.wav
train/dr2/mjbg0/sx152.wav
train/dr2/mjbg0/sx242.wav
train/dr2/mjbg0/sx332.wav
train/dr2/mjbg0/sx422.wav
train/dr2/mjbg0/sx62.wav
train/dr2/mjde0/si1120.wav
train/dr2/mjde0/si463.wav
train/dr2/mjde0/si490.wav
train/dr2/mjde0/sx130.wav
train/dr2/mjde0/sx220.wav
train/dr2/mjde0/sx310.wav
train/dr2/mjde0/sx40.wav
train/dr2/mjde0/sx400.wav
train/dr2/mjeb0/si1286.wav
train/dr2/mjeb0/si1916.wav
train/dr2/mjeb0/si656.wav
train/dr2/mjeb0/sx170.wav
train/dr2/mjeb0/sx206.wav
train/dr2/mjeb0/sx26.wav
train/dr2/mjeb0/sx296.wav
train/dr2/mjeb0/sx386.wav
train/dr2/mjhi0/si1328.wav
train/dr2/mjhi0/si555.wav
train/dr2/mjhi0/si698.wav
train/dr2/mjhi0/sx158.wav
train/dr2/mjhi0/sx248.wav
train/dr2/mjhi0/sx338.wav
train/dr2/mjhi0/sx428.wav
train/dr2/mjhi0/sx68.wav
train/dr2/mjma0/si1495.wav
train/dr2/mjma0/si2125.wav
train/dr2/mjma0/si865.wav
train/dr2/mjma0/sx145.wav
train/dr2/mjma0/sx235.wav
train/dr2/mjma0/sx325.wav
train/dr2/mjma0/sx415.wav
train/dr2/mjma0/sx55.wav
train/dr2/mjmd0/si1028.wav
train/dr2/mjmd0/si1658.wav
train/dr2/mjmd0/si2288.wav
train/dr2/mjmd0/sx128.wav
train/dr2/mjmd0/sx218.wav
train/dr2/mjmd0/sx308.wav
train/dr2/mjmd0/sx38.wav
train/dr2/mjmd0/sx398.wav
train/dr2/mjpm0/si1368.wav
train/dr2/mjpm0/si1998.wav
train/dr2/mjpm0/si738.wav
train/dr2/mjpm0/sx108.wav
train/dr2/mjpm0/sx18.wav
train/dr2/mjpm0/sx198.wav
train/dr2/mjpm0/sx288.wav
train/dr2/mjpm0/sx378.wav
train/dr2/mjrp0/si1835.wav
train/dr2/mjrp0/si1845.wav
train/dr2/mjrp0/si585.wav
train/dr2/mjrp0/sx135.wav
train/dr2/mjrp0/sx225.wav
train/dr2/mjrp0/sx315.wav
train/dr2/mjrp0/sx405.wav
train/dr2/mjrp0/sx45.wav
train/dr2/mkah0/si1528.wav
train/dr2/mkah0/si2158.wav
train/dr2/mkah0/si898.wav
train/dr2/mkah0/sx178.wav
train/dr2/mkah0/sx268.wav
train/dr2/mkah0/sx358.wav
train/dr2/mkah0/sx448.wav
train/dr2/mkah0/sx88.wav
train/dr2/mkaj0/si1414.wav
train/dr2/mkaj0/si2044.wav
train/dr2/mkaj0/si784.wav
train/dr2/mkaj0/sx154.wav
train/dr2/mkaj0/sx244.wav
train/dr2/mkaj0/sx334.wav
train/dr2/mkaj0/sx424.wav
train/dr2/mkaj0/sx64.wav
train/dr2/mkdt0/si2153.wav
train/dr2/mkdt0/si814.wav
train/dr2/mkdt0/si893.wav
train/dr2/mkdt0/sx173.wav
train/dr2/mkdt0/sx263.wav
train/dr2/mkdt0/sx353.wav
train/dr2/mkdt0/sx443.wav
train/dr2/mkdt0/sx83.wav
train/dr2/mkjo0/si1517.wav
train/dr2/mkjo0/si2147.wav
train/dr2/mkjo0/si887.wav
train/dr2/mkjo0/sx167.wav
train/dr2/mkjo0/sx257.wav
train/dr2/mkjo0/sx424.wav
train/dr2/mkjo0/sx437.wav
train/dr2/mkjo0/sx77.wav
train/dr2/mmaa0/si1588.wav
train/dr2/mmaa0/si2105.wav
train/dr2/mmaa0/si845.wav
train/dr2/mmaa0/sx125.wav
train/dr2/mmaa0/sx215.wav
train/dr2/mmaa0/sx305.wav
train/dr2/mmaa0/sx35.wav
train/dr2/mmaa0/sx395.wav
train/dr2/mmag0/si1126.wav
train/dr2/mmag0/si1756.wav
train/dr2/mmag0/si496.wav
train/dr2/mmag0/sx136.wav
train/dr2/mmag0/sx226.wav
train/dr2/mmag0/sx316.wav
train/dr2/mmag0/sx406.wav
train/dr2/mmag0/sx46.wav
train/dr2/mmds0/si1343.wav
train/dr2/mmds0/si1973.wav
train/dr2/mmds0/si713.wav
train/dr2/mmds0/sx173.wav
train/dr2/mmds0/sx263.wav
train/dr2/mmds0/sx353.wav
train/dr2/mmds0/sx443.wav
train/dr2/mmds0/sx83.wav
train/dr2/mmgk0/si1322.wav
train/dr2/mmgk0/si1952.wav
train/dr2/mmgk0/si692.wav
train/dr2/mmgk0/sx152.wav
train/dr2/mmgk0/sx242.wav
train/dr2/mmgk0/sx332.wav
train/dr2/mmgk0/sx422.wav
train/dr2/mmgk0/sx62.wav
train/dr2/mmxs0/si2136.wav
train/dr2/mmxs0/si629.wav
train/dr2/mmxs0/si876.wav
train/dr2/mmxs0/sx156.wav
train/dr2/mmxs0/sx246.wav
train/dr2/mmxs0/sx336.wav
train/dr2/mmxs0/sx426.wav
train/dr2/mmxs0/sx66.wav
train/dr2/mppc0/si1412.wav
train/dr2/mppc0/si2042.wav
train/dr2/mppc0/si782.wav
train/dr2/mppc0/sx152.wav
train/dr2/mppc0/sx242.wav
train/dr2/mppc0/sx332.wav
train/dr2/mppc0/sx422.wav
train/dr2/mppc0/sx62.wav
train/dr2/mprb0/si1205.wav
train/dr2/mprb0/si1215.wav
train/dr2/mprb0/si575.wav
train/dr2/mprb0/sx125.wav
train/dr2/mprb0/sx215.wav
train/dr2/mprb0/sx305.wav
train/dr2/mprb0/sx35.wav
train/dr2/mprb0/sx395.wav
train/dr2/mrab0/si1224.wav
train/dr2/mrab0/si1854.wav
train/dr2/mrab0/si594.wav
train/dr2/mrab0/sx144.wav
train/dr2/mrab0/sx234.wav
train/dr2/mrab0/sx324.wav
train/dr2/mrab0/sx414.wav
train/dr2/mrab0/sx54.wav
train/dr2/mrcw0/si1371.wav
train/dr2/mrcw0/si2001.wav
train/dr2/mrcw0/si741.wav
train/dr2/mrcw0/sx111.wav
train/dr2/mrcw0/sx201.wav
train/dr2/mrcw0/sx21.wav
train/dr2/mrcw0/sx291.wav
train/dr2/mrcw0/sx381.wav
train/dr2/mrfk0/si1076.wav
train/dr2/mrfk0/si1706.wav
train/dr2/mrfk0/si2336.wav
train/dr2/mrfk0/sx176.wav
train/dr2/mrfk0/sx266.wav
train/dr2/mrfk0/sx356.wav
train/dr2/mrfk0/sx446.wav
train/dr2/mrfk0/sx86.wav
train/dr2/mrgs0/si1356.wav
train/dr2/mrgs0/si1986.wav
train/dr2/mrgs0/si726.wav
train/dr2/mrgs0/sx186.wav
train/dr2/mrgs0/sx276.wav
train/dr2/mrgs0/sx366.wav
train/dr2/mrgs0/sx6.wav
train/dr2/mrgs0/sx96.wav
train/dr2/mrhl0/si1515.wav
train/dr2/mrhl0/si2145.wav
train/dr2/mrhl0/si885.wav
train/dr2/mrhl0/sx165.wav
train/dr2/mrhl0/sx255.wav
train/dr2/mrhl0/sx345.wav
train/dr2/mrhl0/sx435.wav
train/dr2/mrhl0/sx75.wav
train/dr2/mrjh0/si1519.wav
train/dr2/mrjh0/si889.wav
train/dr2/mrjh0/si914.wav
train/dr2/mrjh0/sx169.wav
train/dr2/mrjh0/sx259.wav
train/dr2/mrjh0/sx307.wav
train/dr2/mrjh0/sx439.wav
train/dr2/mrjh0/sx79.wav
train/dr2/mrjm0/si1095.wav
train/dr2/mrjm0/si1228.wav
train/dr2/mrjm0/si1858.wav
train/dr2/mrjm0/sx148.wav
train/dr2/mrjm0/sx238.wav
train/dr2/mrjm0/sx328.wav
train/dr2/mrjm0/sx418.wav
train/dr2/mrjm0/sx58.wav
train/dr2/mrjm1/si1298.wav
train/dr2/mrjm1/si1928.wav
train/dr2/mrjm1/si668.wav
train/dr2/mrjm1/sx128.wav
train/dr2/mrjm1/sx218.wav
train/dr2/mrjm1/sx308.wav
train/dr2/mrjm1/sx38.wav
train/dr2/mrjm1/sx398.wav
train/dr2/mrjt0/si1498.wav
train/dr2/mrjt0/si1805.wav
train/dr2/mrjt0/si868.wav
train/dr2/mrjt0/sx148.wav
train/dr2/mrjt0/sx238.wav
train/dr2/mrjt0/sx328.wav
train/dr2/mrjt0/sx418.wav
train/dr2/mrjt0/sx58.wav
train/dr2/mrlj0/si1420.wav
train/dr2/mrlj0/si2050.wav
train/dr2/mrlj0/si790.wav
train/dr2/mrlj0/sx160.wav
train/dr2/mrlj0/sx250.wav
train/dr2/mrlj0/sx340.wav
train/dr2/mrlj0/sx430.wav
train/dr2/mrlj0/sx70.wav
train/dr2/mrlr0/si1196.wav
train/dr2/mrlr0/si1826.wav
train/dr2/mrlr0/si566.wav
train/dr2/mrlr0/sx116.wav
train/dr2/mrlr0/sx206.wav
train/dr2/mrlr0/sx26.wav
train/dr2/mrlr0/sx296.wav
train/dr2/mrlr0/sx386.wav
train/dr2/mrms0/si1113.wav
train/dr2/mrms0/si2057.wav
train/dr2/mrms0/si2100.wav
train/dr2/mrms0/sx120.wav
train/dr2/mrms0/sx210.wav
train/dr2/mrms0/sx30.wav
train/dr2/mrms0/sx300.wav
train/dr2/mrms0/sx390.wav
train/dr2/msat0/si1526.wav
train/dr2/msat0/si2156.wav
train/dr2/msat0/si896.wav
train/dr2/msat0/sx176.wav
train/dr2/msat0/sx266.wav
train/dr2/msat0/sx356.wav
train/dr2/msat0/sx446.wav
train/dr2/msat0/sx86.wav
train/dr2/mtat1/si1409.wav
train/dr2/mtat1/si1627.wav
train/dr2/mtat1/si779.wav
train/dr2/mtat1/sx149.wav
train/dr2/mtat1/sx239.wav
train/dr2/mtat1/sx329.wav
train/dr2/mtat1/sx419.wav
train/dr2/mtat1/sx59.wav
train/dr2/mtbc0/si1173.wav
train/dr2/mtbc0/si1803.wav
train/dr2/mtbc0/si543.wav
train/dr2/mtbc0/sx183.wav
train/dr2/mtbc0/sx273.wav
train/dr2/mtbc0/sx347.wav
train/dr2/mtbc0/sx363.wav
train/dr2/mtbc0/sx93.wav
train/dr2/mtdb0/si1401.wav
train/dr2/mtdb0/si2031.wav
train/dr2/mtdb0/si771.wav
train/dr2/mtdb0/sx141.wav
train/dr2/mtdb0/sx231.wav
train/dr2/mtdb0/sx321.wav
train/dr2/mtdb0/sx411.wav
train/dr2/mtdb0/sx51.wav
train/dr2/mtjg0/si1520.wav
train/dr2/mtjg0/si2157.wav
train/dr2/mtjg0/si890.wav
train/dr2/mtjg0/sx170.wav
train/dr2/mtjg0/sx260.wav
train/dr2/mtjg0/sx350.wav
train/dr2/mtjg0/sx440.wav
train/dr2/mtjg0/sx80.wav
train/dr2/mwsb0/si1626.wav
train/dr2/mwsb0/si2256.wav
train/dr2/mwsb0/si996.wav
train/dr2/mwsb0/sx186.wav
train/dr2/mwsb0/sx276.wav
train/dr2/mwsb0/sx366.wav
train/dr2/mwsb0/sx6.wav
train/dr2/mwsb0/sx96.wav
train/dr2/mzmb0/si1166.wav
train/dr2/mzmb0/si1796.wav
train/dr2/mzmb0/si536.wav
train/dr2/mzmb0/sx176.wav
train/dr2/mzmb0/sx266.wav
train/dr2/mzmb0/sx356.wav
train/dr2/mzmb0/sx446.wav
train/dr2/mzmb0/sx86.wav
train/dr3/falk0/si1086.wav
train/dr3/falk0/si456.wav
train/dr3/falk0/si658.wav
train/dr3/falk0/sx186.wav
train/dr3/falk0/sx276.wav
train/dr3/falk0/sx366.wav
train/dr3/falk0/sx6.wav
train/dr3/falk0/sx96.wav
train/dr3/fcke0/si1111.wav
train/dr3/fcke0/si1741.wav
train/dr3/fcke0/si481.wav
train/dr3/fcke0/sx121.wav
train/dr3/fcke0/sx211.wav
train/dr3/fcke0/sx301.wav
train/dr3/fcke0/sx31.wav
train/dr3/fcke0/sx391.wav
train/dr3/fcmg0/si1142.wav
train/dr3/fcmg0/si1242.wav
train/dr3/fcmg0/si1872.wav
train/dr3/fcmg0/sx162.wav
train/dr3/fcmg0/sx252.wav
train/dr3/fcmg0/sx342.wav
train/dr3/fcmg0/sx432.wav
train/dr3/fcmg0/sx72.wav
train/dr3/fdfb0/si1318.wav
train/dr3/fdfb0/si1948.wav
train/dr3/fdfb0/si2010.wav
train/dr3/fdfb0/sx148.wav
train/dr3/fdfb0/sx238.wav
train/dr3/fdfb0/sx328.wav
train/dr3/fdfb0/sx418.wav
train/dr3/fdfb0/sx58.wav
train/dr3/fdjh0/si1565.wav
train/dr3/fdjh0/si2195.wav
train/dr3/fdjh0/si935.wav
train/dr3/fdjh0/sx125.wav
train/dr3/fdjh0/sx215.wav
train/dr3/fdjh0/sx305.wav
train/dr3/fdjh0/sx35.wav
train/dr3/fdjh0/sx395.wav
train/dr3/feme0/si1505.wav
train/dr3/feme0/si2135.wav
train/dr3/feme0/si875.wav
train/dr3/feme0/sx155.wav
train/dr3/feme0/sx245.wav
train/dr3/feme0/sx335.wav
train/dr3/feme0/sx425.wav
train/dr3/feme0/sx65.wav
train/dr3/fgcs0/si1486.wav
train/dr3/fgcs0/si2116.wav
train/dr3/fgcs0/si856.wav
train/dr3/fgcs0/sx136.wav
train/dr3/fgcs0/sx226.wav
train/dr3/fgcs0/sx316.wav
train/dr3/fgcs0/sx406.wav
train/dr3/fgcs0/sx46.wav
train/dr3/fgrw0/si1152.wav
train/dr3/fgrw0/si1782.wav
train/dr3/fgrw0/si1990.wav
train/dr3/fgrw0/sx162.wav
train/dr3/fgrw0/sx252.wav
train/dr3/fgrw0/sx342.wav
train/dr3/fgrw0/sx432.wav
train/dr3/fgrw0/sx72.wav
train/dr3/fjlg0/si1506.wav
train/dr3/fjlg0/si1889.wav
train/dr3/fjlg0/si2306.wav
train/dr3/fjlg0/sx179.wav
train/dr3/fjlg0/sx269.wav
train/dr3/fjlg0/sx359.wav
train/dr3/fjlg0/sx449.wav
train/dr3/fjlg0/sx89.wav
train/dr3/fjlr0/si1231.wav
train/dr3/fjlr0/si1861.wav
train/dr3/fjlr0/si601.wav
train/dr3/fjlr0/sx151.wav
train/dr3/fjlr0/sx241.wav
train/dr3/fjlr0/sx331.wav
train/dr3/fjlr0/sx421.wav
train/dr3/fjlr0/sx61.wav
train/dr3/flac0/si1339.wav
train/dr3/flac0/si2161.wav
train/dr3/flac0/si901.wav
train/dr3/flac0/sx181.wav
train/dr3/flac0/sx271.wav
train/dr3/flac0/sx361.wav
train/dr3/flac0/sx451.wav
train/dr3/flac0/sx91.wav
train/dr3/fljd0/si1516.wav
train/dr3/fljd0/si2146.wav
train/dr3/fljd0/si886.wav
train/dr3/fljd0/sx166.wav
train/dr3/fljd0/sx256.wav
train/dr3/fljd0/sx346.wav
train/dr3/fljd0/sx436.wav
train/dr3/fljd0/sx76.wav
train/dr3/fltm0/si1070.wav
train/dr3/fltm0/si1700.wav
train/dr3/fltm0/si2330.wav
train/dr3/fltm0/sx170.wav
train/dr3/fltm0/sx260.wav
train/dr3/fltm0/sx350.wav
train/dr3/fltm0/sx440.wav
train/dr3/fltm0/sx80.wav
train/dr3/fmjf0/si1254.wav
train/dr3/fmjf0/si1884.wav
train/dr3/fmjf0/si624.wav
train/dr3/fmjf0/sx174.wav
train/dr3/fmjf0/sx264.wav
train/dr3/fmjf0/sx354.wav
train/dr3/fmjf0/sx444.wav
train/dr3/fmjf0/sx84.wav
train/dr3/fntb0/si1203.wav
train/dr3/fntb0/si573.wav
train/dr3/fntb0/si679.wav
train/dr3/fntb0/sx123.wav
train/dr3/fntb0/sx213.wav
train/dr3/fntb0/sx303.wav
train/dr3/fntb0/sx33.wav
train/dr3/fntb0/sx393.wav
train/dr3/fpaz0/si1593.wav
train/dr3/fpaz0/si2223.wav
train/dr3/fpaz0/si963.wav
train/dr3/fpaz0/sx153.wav
train/dr3/fpaz0/sx243.wav
train/dr3/fpaz0/sx27.wav
train/dr3/fpaz0/sx423.wav
train/dr3/fpaz0/sx63.wav
train/dr3/fsjs0/si1171.wav
train/dr3/fsjs0/si1801.wav
train/dr3/fsjs0/si541.wav
train/dr3/fsjs0/sx181.wav
train/dr3/fsjs0/sx271.wav
train/dr3/fsjs0/sx361.wav
train/dr3/fsjs0/sx451.wav
train/dr3/fsjs0/sx91.wav
train/dr3/fsjw0/si1333.wav
train/dr3/fsjw0/si1963.wav
train/dr3/fsjw0/si703.wav
train/dr3/fsjw0/sx163.wav
train/dr3/fsjw0/sx253.wav
train/dr3/fsjw0/sx343.wav
train/dr3/fsjw0/sx433.wav
train/dr3/fsjw0/sx73.wav
train/dr3/fskc0/si1416.wav
train/dr3/fskc0/si2046.wav
train/dr3/fskc0/si786.wav
train/dr3/fskc0/sx156.wav
train/dr3/fskc0/sx246.wav
train/dr3/fskc0/sx336.wav
train/dr3/fskc0/sx426.wav
train/dr3/fskc0/sx66.wav
train/dr3/fsls0/si1056.wav
train/dr3/fsls0/si1686.wav
train/dr3/fsls0/si2316.wav
train/dr3/fsls0/sx156.wav
train/dr3/fsls0/sx202.wav
train/dr3/fsls0/sx246.wav
train/dr3/fsls0/sx426.wav
train/dr3/fsls0/sx66.wav
train/dr3/madc0/si1367.wav
train/dr3/madc0/si1997.wav
train/dr3/madc0/si737.wav
train/dr3/madc0/sx107.wav
train/dr3/madc0/sx17.wav
train/dr3/madc0/sx197.wav
train/dr3/madc0/sx287.wav
train/dr3/madc0/sx377.wav
train/dr3/makb0/si1016.wav
train/dr3/makb0/si1646.wav
train/dr3/makb0/si2276.wav
train/dr3/makb0/sx116.wav
train/dr3/makb0/sx206.wav
train/dr3/makb0/sx26.wav
train/dr3/makb0/sx296.wav
train/dr3/makb0/sx386.wav
train/dr3/makr0/si1352.wav
train/dr3/makr0/si1982.wav
train/dr3/makr0/si722.wav
train/dr3/makr0/sx182.wav
train/dr3/makr0/sx272.wav
train/dr3/makr0/sx362.wav
train/dr3/makr0/sx452.wav
train/dr3/makr0/sx92.wav
train/dr3/mapv0/si1293.wav
train/dr3/mapv0/si1923.wav
train/dr3/mapv0/si663.wav
train/dr3/mapv0/sx123.wav
train/dr3/mapv0/sx213.wav
train/dr3/mapv0/sx303.wav
train/dr3/mapv0/sx33.wav
train/dr3/mapv0/sx393.wav
train/dr3/mbef0/si1281.wav
train/dr3/mbef0/si1911.wav
train/dr3/mbef0/si651.wav
train/dr3/mbef0/sx111.wav
train/dr3/mbef0/sx201.wav
train/dr3/mbef0/sx21.wav
train/dr3/mbef0/sx291.wav
train/dr3/mbef0/sx381.wav
train/dr3/mcal0/si1138.wav
train/dr3/mcal0/si1768.wav
train/dr3/mcal0/si508.wav
train/dr3/mcal0/sx148.wav
train/dr3/mcal0/sx238.wav
train/dr3/mcal0/sx328.wav
train/dr3/mcal0/sx418.wav
train/dr3/mcal0/sx58.wav
train/dr3/mcdc0/si1292.wav
train/dr3/mcdc0/si1922.wav
train/dr3/mcdc0/si662.wav
train/dr3/mcdc0/sx122.wav
train/dr3/mcdc0/sx212.wav
train/dr3/mcdc0/sx302.wav
train/dr3/mcdc0/sx32.wav
train/dr3/mcdc0/sx392.wav
train/dr3/mcdd0/si1513.wav
train/dr3/mcdd0/si2143.wav
train/dr3/mcdd0/si883.wav
train/dr3/mcdd0/sx163.wav
train/dr3/mcdd0/sx253.wav
train/dr3/mcdd0/sx343.wav
train/dr3/mcdd0/sx433.wav
train/dr3/mcdd0/sx73.wav
train/dr3/mcef0/si1135.wav
train/dr3/mcef0/si1765.wav
train/dr3/mcef0/si842.wav
train/dr3/mcef0/sx145.wav
train/dr3/mcef0/sx235.wav
train/dr3/mcef0/sx325.wav
train/dr3/mcef0/sx415.wav
train/dr3/mcef0/sx55.wav
train/dr3/mdbb1/si1006.wav
train/dr3/mdbb1/si1636.wav
train/dr3/mdbb1/si2056.wav
train/dr3/mdbb1/sx106.wav
train/dr3/mdbb1/sx16.wav
train/dr3/mdbb1/sx196.wav
train/dr3/mdbb1/sx286.wav
train/dr3/mdbb1/sx376.wav
train/dr3/mddc0/si1419.wav
train/dr3/mddc0/si2049.wav
train/dr3/mddc0/si789.wav
train/dr3/mddc0/sx159.wav
train/dr3/mddc0/sx249.wav
train/dr3/mddc0/sx339.wav
train/dr3/mddc0/sx429.wav
train/dr3/mddc0/sx69.wav
train/dr3/mdef0/si1123.wav
train/dr3/mdef0/si1563.wav
train/dr3/mdef0/si2193.wav
train/dr3/mdef0/sx123.wav
train/dr3/mdef0/sx213.wav
train/dr3/mdef0/sx303.wav
train/dr3/mdef0/sx33.wav
train/dr3/mdef0/sx393.wav
train/dr3/mdhs0/si1530.wav
train/dr3/mdhs0/si2160.wav
train/dr3/mdhs0/si900.wav
train/dr3/mdhs0/sx180.wav
train/dr3/mdhs0/sx270.wav
train/dr3/mdhs0/sx360.wav
train/dr3/mdhs0/sx450.wav
train/dr3/mdhs0/sx90.wav
train/dr3/mdjm0/si1455.wav
train/dr3/mdjm0/si2085.wav
train/dr3/mdjm0/si825.wav
train/dr3/mdjm0/sx105.wav
train/dr3/mdjm0/sx15.wav
train/dr3/mdjm0/sx195.wav
train/dr3/mdjm0/sx285.wav
train/dr3/mdjm0/sx375.wav
train/dr3/mdlc0/si1395.wav
train/dr3/mdlc0/si2025.wav
train/dr3/mdlc0/si765.wav
train/dr3/mdlc0/sx135.wav
train/dr3/mdlc0/sx225.wav
train/dr3/mdlc0/sx315.wav
train/dr3/mdlc0/sx405.wav
train/dr3/mdlc0/sx45.wav
train/dr3/mdlh0/si1960.wav
train/dr3/mdlh0/si574.wav
train/dr3/mdlh0/si700.wav
train/dr3/mdlh0/sx160.wav
train/dr3/mdlh0/sx250.wav
train/dr3/mdlh0/sx340.wav
train/dr3/mdlh0/sx430.wav
train/dr3/mdlh0/sx70.wav
train/dr3/mdns0/si1011.wav
train/dr3/mdns0/si2271.wav
train/dr3/mdns0/si873.wav
train/dr3/mdns0/sx111.wav
train/dr3/mdns0/sx201.wav
train/dr3/mdns0/sx21.wav
train/dr3/mdns0/sx291.wav
train/dr3/mdns0/sx381.wav
train/dr3/mdss1/si1327.wav
train/dr3/mdss1/si1713.wav
train/dr3/mdss1/si697.wav
train/dr3/mdss1/sx157.wav
train/dr3/mdss1/sx247.wav
train/dr3/mdss1/sx337.wav
train/dr3/mdss1/sx427.wav
train/dr3/mdss1/sx67.wav
train/dr3/mdtb0/si1200.wav
train/dr3/mdtb0/si1830.wav
train/dr3/mdtb0/si570.wav
train/dr3/mdtb0/sx120.wav
train/dr3/mdtb0/sx210.wav
train/dr3/mdtb0/sx300.wav
train/dr3/mdtb0/sx321.wav
train/dr3/mdtb0/sx390.wav
train/dr3/mdwm0/si1546.wav
train/dr3/mdwm0/si2176.wav
train/dr3/mdwm0/si916.wav
train/dr3/mdwm0/sx106.wav
train/dr3/mdwm0/sx16.wav
train/dr3/mdwm0/sx286.wav
train/dr3/mdwm0/sx376.wav
train/dr3/mdwm0/sx433.wav
train/dr3/mfmc0/si1132.wav
train/dr3/mfmc0/si1762.wav
train/dr3/mfmc0/si502.wav
train/dr3/mfmc0/sx142.wav
train/dr3/mfmc0/sx232.wav
train/dr3/mfmc0/sx322.wav
train/dr3/mfmc0/sx412.wav
train/dr3/mfmc0/sx52.wav
train/dr3/mgaf0/si1282.wav
train/dr3/mgaf0/si1912.wav
train/dr3/mgaf0/si652.wav
train/dr3/mgaf0/sx112.wav
train/dr3/mgaf0/sx202.wav
train/dr3/mgaf0/sx22.wav
train/dr3/mgaf0/sx292.wav
train/dr3/mgaf0/sx382.wav
train/dr3/mhjb0/si1017.wav
train/dr3/mhjb0/si1647.wav
train/dr3/mhjb0/si2277.wav
train/dr3/mhjb0/sx117.wav
train/dr3/mhjb0/sx207.wav
train/dr3/mhjb0/sx27.wav
train/dr3/mhjb0/sx297.wav
train/dr3/mhjb0/sx387.wav
train/dr3/mhmr0/si1119.wav
train/dr3/mhmr0/si1692.wav
train/dr3/mhmr0/si489.wav
train/dr3/mhmr0/sx129.wav
train/dr3/mhmr0/sx219.wav
train/dr3/mhmr0/sx309.wav
train/dr3/mhmr0/sx39.wav
train/dr3/mhmr0/sx399.wav
train/dr3/milb0/si2163.wav
train/dr3/milb0/si807.wav
train/dr3/milb0/si903.wav
train/dr3/milb0/sx183.wav
train/dr3/milb0/sx273.wav
train/dr3/milb0/sx3.wav
train/dr3/milb0/sx363.wav
train/dr3/milb0/sx93.wav
train/dr3/mjda0/si1031.wav
train/dr3/mjda0/si1661.wav
train/dr3/mjda0/si2291.wav
train/dr3/mjda0/sx131.wav
train/dr3/mjda0/sx221.wav
train/dr3/mjda0/sx311.wav
train/dr3/mjda0/sx401.wav
train/dr3/mjda0/sx41.wav
train/dr3/mjjb0/si1139.wav
train/dr3/mjjb0/si1277.wav
train/dr3/mjjb0/si1769.wav
train/dr3/mjjb0/sx149.wav
train/dr3/mjjb0/sx239.wav
train/dr3/mjjb0/sx329.wav
train/dr3/mjjb0/sx419.wav
train/dr3/mjjb0/sx59.wav
train/dr3/mjkr0/si1201.wav
train/dr3/mjkr0/si1831.wav
train/dr3/mjkr0/si571.wav
train/dr3/mjkr0/sx121.wav
train/dr3/mjkr0/sx211.wav
train/dr3/mjkr0/sx301.wav
train/dr3/mjkr0/sx31.wav
train/dr3/mjkr0/sx391.wav
train/dr3/mjlg1/si1012.wav
train/dr3/mjlg1/si1642.wav
train/dr3/mjlg1/si2272.wav
train/dr3/mjlg1/sx112.wav
train/dr3/mjlg1/sx202.wav
train/dr3/mjlg1/sx22.wav
train/dr3/mjlg1/sx292.wav
train/dr3/mjlg1/sx382.wav
train/dr3/mjrh1/si1558.wav
train/dr3/mjrh1/si1774.wav
train/dr3/mjrh1/si514.wav
train/dr3/mjrh1/sx154.wav
train/dr3/mjrh1/sx244.wav
train/dr3/mjrh1/sx334.wav
train/dr3/mjrh1/sx424.wav
train/dr3/mjrh1/sx64.wav
train/dr3/mkls1/si1545.wav
train/dr3/mkls1/si2175.wav
train/dr3/mkls1/si915.wav
train/dr3/mkls1/sx105.wav
train/dr3/mkls1/sx15.wav
train/dr3/mkls1/sx195.wav
train/dr3/mkls1/sx285.wav
train/dr3/mkls1/sx375.wav
train/dr3/mkxl0/si1185.wav
train/dr3/mkxl0/si1815.wav
train/dr3/mkxl0/si1958.wav
train/dr3/mkxl0/sx105.wav
train/dr3/mkxl0/sx15.wav
train/dr3/mkxl0/sx195.wav
train/dr3/mkxl0/sx285.wav
train/dr3/mkxl0/sx375.wav
train/dr3/mlns0/si1407.wav
train/dr3/mlns0/si2037.wav
train/dr3/mlns0/si777.wav
train/dr3/mlns0/sx147.wav
train/dr3/mlns0/sx237.wav
train/dr3/mlns0/sx327.wav
train/dr3/mlns0/sx417.wav
train/dr3/mlns0/sx57.wav
train/dr3/mmam0/si1597.wav
train/dr3/mmam0/si1668.wav
train/dr3/mmam0/si2227.wav
train/dr3/mmam0/sx157.wav
train/dr3/mmam0/sx247.wav
train/dr3/mmam0/sx337.wav
train/dr3/mmam0/sx427.wav
train/dr3/mmam0/sx67.wav
train/dr3/mmar0/si1336.wav
train/dr3/mmar0/si1966.wav
train/dr3/mmar0/si706.wav
train/dr3/mmar0/sx166.wav
train/dr3/mmar0/sx256.wav
train/dr3/mmar0/sx346.wav
train/dr3/mmar0/sx436.wav
train/dr3/mmar0/sx76.wav
train/dr3/mmeb0/si1357.wav
train/dr3/mmeb0/si1987.wav
train/dr3/mmeb0/si727.wav
train/dr3/mmeb0/sx187.wav
train/dr3/mmeb0/sx327.wav
train/dr3/mmeb0/sx367.wav
train/dr3/mmeb0/sx7.wav
train/dr3/mmeb0/sx97.wav
train/dr3/mmjb1/si1408.wav
train/dr3/mmjb1/si2038.wav
train/dr3/mmjb1/si778.wav
train/dr3/mmjb1/sx148.wav
train/dr3/mmjb1/sx238.wav
train/dr3/mmjb1/sx328.wav
train/dr3/mmjb1/sx418.wav
train/dr3/mmjb1/sx58.wav
train/dr3/mmsm0/si1106.wav
train/dr3/mmsm0/si1736.wav
train/dr3/mmsm0/si476.wav
train/dr3/mmsm0/sx116.wav
train/dr3/mmsm0/sx206.wav
train/dr3/mmsm0/sx26.wav
train/dr3/mmsm0/sx296.wav
train/dr3/mmsm0/sx386.wav
train/dr3/mprd0/si1431.wav
train/dr3/mprd0/si2061.wav
train/dr3/mprd0/si801.wav
train/dr3/mprd0/sx171.wav
train/dr3/mprd0/sx261.wav
train/dr3/mprd0/sx351.wav
train/dr3/mprd0/sx441.wav
train/dr3/mprd0/sx81.wav
train/dr3/mrbc0/si1665.wav
train/dr3/mrbc0/si1859.wav
train/dr3/mrbc0/si599.wav
train/dr3/mrbc0/sx149.wav
train/dr3/mrbc0/sx239.wav
train/dr3/mrbc0/sx329.wav
train/dr3/mrbc0/sx419.wav
train/dr3/mrbc0/sx59.wav
train/dr3/mrds0/si1167.wav
train/dr3/mrds0/si1797.wav
train/dr3/mrds0/si537.wav
train/dr3/mrds0/sx177.wav
train/dr3/mrds0/sx267.wav
train/dr3/mrds0/sx357.wav
train/dr3/mrds0/sx447.wav
train/dr3/mrds0/sx87.wav
train/dr3/mree0/si1104.wav
train/dr3/mree0/si1734.wav
train/dr3/mree0/si1959.wav
train/dr3/mree0/sx114.wav
train/dr3/mree0/sx204.wav
train/dr3/mree0/sx24.wav
train/dr3/mree0/sx294.wav
train/dr3/mree0/sx384.wav
train/dr3/mreh1/si1599.wav
train/dr3/mreh1/si2229.wav
train/dr3/mreh1/si969.wav
train/dr3/mreh1/sx159.wav
train/dr3/mreh1/sx249.wav
train/dr3/mreh1/sx339.wav
train/dr3/mreh1/sx429.wav
train/dr3/mreh1/sx69.wav
train/dr3/mrjb1/si1020.wav
train/dr3/mrjb1/si1413.wav
train/dr3/mrjb1/si2021.wav
train/dr3/mrjb1/sx120.wav
train/dr3/mrjb1/sx210.wav
train/dr3/mrjb1/sx30.wav
train/dr3/mrjb1/sx300.wav
train/dr3/mrjb1/sx390.wav
train/dr3/mrtc0/si1458.wav
train/dr3/mrtc0/si2088.wav
train/dr3/mrtc0/si828.wav
train/dr3/mrtc0/sx108.wav
train/dr3/mrtc0/sx18.wav
train/dr3/mrtc0/sx198.wav
train/dr3/mrtc0/sx288.wav
train/dr3/mrtc0/sx378.wav
train/dr3/mrtj0/si1551.wav
train/dr3/mrtj0/si2032.wav
train/dr3/mrtj0/si772.wav
train/dr3/mrtj0/sx142.wav
train/dr3/mrtj0/sx232.wav
train/dr3/mrtj0/sx322.wav
train/dr3/mrtj0/sx412.wav
train/dr3/mrtj0/sx52.wav
train/dr3/mrwa0/si1603.wav
train/dr3/mrwa0/si2233.wav
train/dr3/mrwa0/si973.wav
train/dr3/mrwa0/sx163.wav
train/dr3/mrwa0/sx253.wav
train/dr3/mrwa0/sx343.wav
train/dr3/mrwa0/sx433.wav
train/dr3/mrwa0/sx73.wav
train/dr3/msfv0/si1262.wav
train/dr3/msfv0/si1892.wav
train/dr3/msfv0/si632.wav
train/dr3/msfv0/sx182.wav
train/dr3/msfv0/sx272.wav
train/dr3/msfv0/sx362.wav
train/dr3/msfv0/sx452.wav
train/dr3/msfv0/sx92.wav
train/dr3/mtjm0/si1226.wav
train/dr3/mtjm0/si1856.wav
train/dr3/mtjm0/si655.wav
train/dr3/mtjm0/sx146.wav
train/dr3/mtjm0/sx236.wav
train/dr3/mtjm0/sx326.wav
train/dr3/mtjm0/sx416.wav
train/dr3/mtjm0/sx56.wav
train/dr3/mtkp0/si1023.wav
train/dr3/mtkp0/si2283.wav
train/dr3/mtkp0/si454.wav
train/dr3/mtkp0/sx123.wav
train/dr3/mtkp0/sx213.wav
train/dr3/mtkp0/sx303.wav
train/dr3/mtkp0/sx33.wav
train/dr3/mtkp0/sx393.wav
train/dr3/mtlb0/si1134.wav
train/dr3/mtlb0/si1764.wav
train/dr3/mtlb0/si504.wav
train/dr3/mtlb0/sx144.wav
train/dr3/mtlb0/sx234.wav
train/dr3/mtlb0/sx324.wav
train/dr3/mtlb0/sx414.wav
train/dr3/mtlb0/sx54.wav
train/dr3/mtpg0/si1383.wav
train/dr3/mtpg0/si2013.wav
train/dr3/mtpg0/si753.wav
train/dr3/mtpg0/sx123.wav
train/dr3/mtpg0/sx213.wav
train/dr3/mtpg0/sx303.wav
train/dr3/mtpg0/sx33.wav
train/dr3/mtpg0/sx393.wav
train/dr3/mtpp0/si1508.wav
train/dr3/mtpp0/si2138.wav
train/dr3/mtpp0/si878.wav
train/dr3/mtpp0/sx158.wav
train/dr3/mtpp0/sx248.wav
train/dr3/mtpp0/sx338.wav
train/dr3/mtpp0/sx428.wav
train/dr3/mtpp0/sx68.wav
train/dr3/mvjh0/si1556.wav
train/dr3/mvjh0/si2186.wav
train/dr3/mvjh0/si926.wav
train/dr3/mvjh0/sx116.wav
train/dr3/mvjh0/sx206.wav
train/dr3/mvjh0/sx26.wav
train/dr3/mvjh0/sx296.wav
train/dr3/mvjh0/sx386.wav
train/dr3/mwdk0/si1436.wav
train/dr3/mwdk0/si2017.wav
train/dr3/mwdk0/si806.wav
train/dr3/mwdk0/sx176.wav
train/dr3/mwdk0/sx266.wav
train/dr3/mwdk0/sx356.wav
train/dr3/mwdk0/sx446.wav
train/dr3/mwdk0/sx86.wav
train/dr3/mwgr0/si1606.wav
train/dr3/mwgr0/si2236.wav
train/dr3/mwgr0/si976.wav
train/dr3/mwgr0/sx166.wav
train/dr3/mwgr0/sx256.wav
train/dr3/mwgr0/sx346.wav
train/dr3/mwgr0/sx436.wav
train/dr3/mwgr0/sx76.wav
train/dr4/falr0/si1325.wav
train/dr4/falr0/si1955.wav
train/dr4/falr0/si695.wav
train/dr4/falr0/sx155.wav
train/dr4/falr0/sx245.wav
train/dr4/falr0/sx335.wav
train/dr4/falr0/sx425.wav
train/dr4/falr0/sx65.wav
train/dr4/fbas0/si1387.wav
train/dr4/fbas0/si1472.wav
train/dr4/fbas0/si2066.wav
train/dr4/fbas0/sx127.wav
train/dr4/fbas0/sx217.wav
train/dr4/fbas0/sx307.wav
train/dr4/fbas0/sx37.wav
train/dr4/fbas0/sx397.wav
train/dr4/fbmj0/si1776.wav
train/dr4/fbmj0/si516.wav
train/dr4/fbmj0/si815.wav
train/dr4/fbmj0/sx156.wav
train/dr4/fbmj0/sx246.wav
train/dr4/fbmj0/sx336.wav
train/dr4/fbmj0/sx426.wav
train/dr4/fbmj0/sx66.wav
train/dr4/fcag0/si1503.wav
train/dr4/fcag0/si1641.wav
train/dr4/fcag0/si2133.wav
train/dr4/fcag0/sx153.wav
train/dr4/fcag0/sx243.wav
train/dr4/fcag0/sx333.wav
train/dr4/fcag0/sx423.wav
train/dr4/fcag0/sx63.wav
train/dr4/fdkn0/si1081.wav
train/dr4/fdkn0/si1202.wav
train/dr4/fdkn0/si1711.wav
train/dr4/fdkn0/sx181.wav
train/dr4/fdkn0/sx271.wav
train/dr4/fdkn0/sx361.wav
train/dr4/fdkn0/sx451.wav
train/dr4/fdkn0/sx91.wav
train/dr4/feeh0/si1112.wav
train/dr4/feeh0/si1742.wav
train/dr4/feeh0/si471.wav
train/dr4/feeh0/sx122.wav
train/dr4/feeh0/sx212.wav
train/dr4/feeh0/sx302.wav
train/dr4/feeh0/sx32.wav
train/dr4/feeh0/sx392.wav
train/dr4/fjwb1/si2055.wav
train/dr4/fjwb1/si748.wav
train/dr4/fjwb1/si795.wav
train/dr4/fjwb1/sx165.wav
train/dr4/fjwb1/sx255.wav
train/dr4/fjwb1/sx345.wav
train/dr4/fjwb1/sx435.wav
train/dr4/fjwb1/sx75.wav
train/dr4/fjxp0/si1122.wav
train/dr4/fjxp0/si1752.wav
train/dr4/fjxp0/si492.wav
train/dr4/fjxp0/sx132.wav
train/dr4/fjxp0/sx222.wav
train/dr4/fjxp0/sx312.wav
train/dr4/fjxp0/sx402.wav
train/dr4/fjxp0/sx42.wav
train/dr4/fkdw0/si1207.wav
train/dr4/fkdw0/si1891.wav
train/dr4/fkdw0/si577.wav
train/dr4/fkdw0/sx127.wav
train/dr4/fkdw0/sx217.wav
train/dr4/fkdw0/sx307.wav
train/dr4/fkdw0/sx37.wav
train/dr4/fkdw0/sx397.wav
train/dr4/fklc0/si1615.wav
train/dr4/fklc0/si2245.wav
train/dr4/fklc0/si985.wav
train/dr4/fklc0/sx175.wav
train/dr4/fklc0/sx265.wav
train/dr4/fklc0/sx355.wav
train/dr4/fklc0/sx445.wav
train/dr4/fklc0/sx85.wav
train/dr4/flhd0/si1344.wav
train/dr4/flhd0/si1827.wav
train/dr4/flhd0/si1974.wav
train/dr4/flhd0/sx174.wav
train/dr4/flhd0/sx264.wav
train/dr4/flhd0/sx354.wav
train/dr4/flhd0/sx444.wav
train/dr4/flhd0/sx84.wav
train/dr4/flkm0/si1880.wav
train/dr4/flkm0/si620.wav
train/dr4/flkm0/si686.wav
train/dr4/flkm0/sx116.wav
train/dr4/flkm0/sx260.wav
train/dr4/flkm0/sx350.wav
train/dr4/flkm0/sx440.wav
train/dr4/flkm0/sx80.wav
train/dr4/fpaf0/si1054.wav
train/dr4/fpaf0/si1684.wav
train/dr4/fpaf0/si2314.wav
train/dr4/fpaf0/sx154.wav
train/dr4/fpaf0/sx244.wav
train/dr4/fpaf0/sx334.wav
train/dr4/fpaf0/sx424.wav
train/dr4/fpaf0/sx64.wav
train/dr4/fsak0/si1300.wav
train/dr4/fsak0/si1930.wav
train/dr4/fsak0/si670.wav
train/dr4/fsak0/sx130.wav
train/dr4/fsak0/sx220.wav
train/dr4/fsak0/sx310.wav
train/dr4/fsak0/sx40.wav
train/dr4/fsak0/sx400.wav
train/dr4/fssb0/si1082.wav
train/dr4/fssb0/si1712.wav
train/dr4/fssb0/si2342.wav
train/dr4/fssb0/sx182.wav
train/dr4/fssb0/sx272.wav
train/dr4/fssb0/sx362.wav
train/dr4/fssb0/sx452.wav
train/dr4/fssb0/sx92.wav
train/dr4/maeb0/si1411.wav
train/dr4/maeb0/si2250.wav
train/dr4/maeb0/si990.wav
train/dr4/maeb0/sx180.wav
train/dr4/maeb0/sx270.wav
train/dr4/maeb0/sx360.wav
train/dr4/maeb0/sx450.wav
train/dr4/maeb0/sx90.wav
train/dr4/marw0/si1276.wav
train/dr4/marw0/si1906.wav
train/dr4/marw0/si646.wav
train/dr4/marw0/sx106.wav
train/dr4/marw0/sx16.wav
train/dr4/marw0/sx286.wav
train/dr4/marw0/sx349.wav
train/dr4/marw0/sx376.wav
train/dr4/mbma0/si1222.wav
train/dr4/mbma0/si1852.wav
train/dr4/mbma0/si592.wav
train/dr4/mbma0/sx142.wav
train/dr4/mbma0/sx232.wav
train/dr4/mbma0/sx322.wav
train/dr4/mbma0/sx412.wav
train/dr4/mbma0/sx52.wav
train/dr4/mbwp0/si1531.wav
train/dr4/mbwp0/si1969.wav
train/dr4/mbwp0/si709.wav
train/dr4/mbwp0/sx169.wav
train/dr4/mbwp0/sx259.wav
train/dr4/mbwp0/sx349.wav
train/dr4/mbwp0/sx439.wav
train/dr4/mbwp0/sx79.wav
train/dr4/mcdr0/si1154.wav
train/dr4/mcdr0/si1784.wav
train/dr4/mcdr0/si524.wav
train/dr4/mcdr0/sx164.wav
train/dr4/mcdr0/sx254.wav
train/dr4/mcdr0/sx344.wav
train/dr4/mcdr0/sx434.wav
train/dr4/mcdr0/sx74.wav
train/dr4/mcss0/si1380.wav
train/dr4/mcss0/si688.wav
train/dr4/mcss0/si750.wav
train/dr4/mcss0/sx120.wav
train/dr4/mcss0/sx210.wav
train/dr4/mcss0/sx30.wav
train/dr4/mcss0/sx300.wav
train/dr4/mcss0/sx390.wav
train/dr4/mdcd0/si1415.wav
train/dr4/mdcd0/si2045.wav
train/dr4/mdcd0/si785.wav
train/dr4/mdcd0/sx155.wav
train/dr4/mdcd0/sx245.wav
train/dr4/mdcd0/sx335.wav
train/dr4/mdcd0/sx425.wav
train/dr4/mdcd0/sx65.wav
train/dr4/mdma0/si1238.wav
train/dr4/mdma0/si1430.wav
train/dr4/mdma0/si2060.wav
train/dr4/mdma0/sx170.wav
train/dr4/mdma0/sx260.wav
train/dr4/mdma0/sx350.wav
train/dr4/mdma0/sx440.wav
train/dr4/mdma0/sx80.wav
train/dr4/mesg0/si1332.wav
train/dr4/mesg0/si1962.wav
train/dr4/mesg0/si702.wav
train/dr4/mesg0/sx162.wav
train/dr4/mesg0/sx252.wav
train/dr4/mesg0/sx342.wav
train/dr4/mesg0/sx432.wav
train/dr4/mesg0/sx72.wav
train/dr4/mfrm0/si1155.wav
train/dr4/mfrm0/si1717.wav
train/dr4/mfrm0/si1785.wav
train/dr4/mfrm0/sx165.wav
train/dr4/mfrm0/sx255.wav
train/dr4/mfrm0/sx345.wav
train/dr4/mfrm0/sx435.wav
train/dr4/mfrm0/sx75.wav
train/dr4/mfwk0/si1249.wav
train/dr4/mfwk0/si1879.wav
train/dr4/mfwk0/si619.wav
train/dr4/mfwk0/sx169.wav
train/dr4/mfwk0/sx259.wav
train/dr4/mfwk0/sx349.wav
train/dr4/mfwk0/sx439.wav
train/dr4/mfwk0/sx79.wav
train/dr4/mgag0/si1321.wav
train/dr4/mgag0/si645.wav
train/dr4/mgag0/si691.wav
train/dr4/mgag0/sx151.wav
train/dr4/mgag0/sx241.wav
train/dr4/mgag0/sx331.wav
train/dr4/mgag0/sx421.wav
train/dr4/mgag0/sx61.wav
train/dr4/mgjc0/si1256.wav
train/dr4/mgjc0/si1335.wav
train/dr4/mgjc0/si1965.wav
train/dr4/mgjc0/sx165.wav
train/dr4/mgjc0/sx255.wav
train/dr4/mgjc0/sx345.wav
train/dr4/mgjc0/sx435.wav
train/dr4/mgjc0/sx75.wav
train/dr4/mgrp0/si1317.wav
train/dr4/mgrp0/si1947.wav
train/dr4/mgrp0/si687.wav
train/dr4/mgrp0/sx147.wav
train/dr4/mgrp0/sx237.wav
train/dr4/mgrp0/sx327.wav
train/dr4/mgrp0/sx417.wav
train/dr4/mgrp0/sx57.wav
train/dr4/mgxp0/si1087.wav
train/dr4/mgxp0/si457.wav
train/dr4/mgxp0/si525.wav
train/dr4/mgxp0/sx187.wav
train/dr4/mgxp0/sx277.wav
train/dr4/mgxp0/sx367.wav
train/dr4/mgxp0/sx7.wav
train/dr4/mgxp0/sx97.wav
train/dr4/mjac0/si1331.wav
train/dr4/mjac0/si2148.wav
train/dr4/mjac0/si701.wav
train/dr4/mjac0/sx251.wav
train/dr4/mjac0/sx307.wav
train/dr4/mjac0/sx341.wav
train/dr4/mjac0/sx431.wav
train/dr4/mjac0/sx71.wav
train/dr4/mjdc0/si1161.wav
train/dr4/mjdc0/si2165.wav
train/dr4/mjdc0/si531.wav
train/dr4/mjdc0/sx171.wav
train/dr4/mjdc0/sx261.wav
train/dr4/mjdc0/sx351.wav
train/dr4/mjdc0/sx441.wav
train/dr4/mjdc0/sx81.wav
train/dr4/mjee0/si1237.wav
train/dr4/mjee0/si1867.wav
train/dr4/mjee0/si607.wav
train/dr4/mjee0/sx157.wav
train/dr4/mjee0/sx247.wav
train/dr4/mjee0/sx337.wav
train/dr4/mjee0/sx427.wav
train/dr4/mjee0/sx67.wav
train/dr4/mjjj0/si1163.wav
train/dr4/mjjj0/si1793.wav
train/dr4/mjjj0/si533.wav
train/dr4/mjjj0/sx173.wav
train/dr4/mjjj0/sx263.wav
train/dr4/mjjj0/sx353.wav
train/dr4/mjjj0/sx443.wav
train/dr4/mjjj0/sx83.wav
train/dr4/mjlb0/si1616.wav
train/dr4/mjlb0/si2246.wav
train/dr4/mjlb0/si986.wav
train/dr4/mjlb0/sx176.wav
train/dr4/mjlb0/sx266.wav
train/dr4/mjlb0/sx356.wav
train/dr4/mjlb0/sx446.wav
train/dr4/mjlb0/sx86.wav
train/dr4/mjls0/si1096.wav
train/dr4/mjls0/si1726.wav
train/dr4/mjls0/si466.wav
train/dr4/mjls0/sx106.wav
train/dr4/mjls0/sx16.wav
train/dr4/mjls0/sx196.wav
train/dr4/mjls0/sx286.wav
train/dr4/mjls0/sx376.wav
train/dr4/mjmm0/si1255.wav
train/dr4/mjmm0/si1885.wav
train/dr4/mjmm0/si625.wav
train/dr4/mjmm0/sx175.wav
train/dr4/mjmm0/sx265.wav
train/dr4/mjmm0/sx355.wav
train/dr4/mjmm0/sx445.wav
train/dr4/mjmm0/sx85.wav
train/dr4/mjpm1/si1897.wav
train/dr4/mjpm1/si2280.wav
train/dr4/mjpm1/si761.wav
train/dr4/mjpm1/sx131.wav
train/dr4/mjpm1/sx221.wav
train/dr4/mjpm1/sx311.wav
train/dr4/mjpm1/sx401.wav
train/dr4/mjpm1/sx41.wav
train/dr4/mjrh0/si1125.wav
train/dr4/mjrh0/si1755.wav
train/dr4/mjrh0/si1840.wav
train/dr4/mjrh0/sx135.wav
train/dr4/mjrh0/sx225.wav
train/dr4/mjrh0/sx315.wav
train/dr4/mjrh0/sx405.wav
train/dr4/mjrh0/sx45.wav
train/dr4/mjsr0/si1424.wav
train/dr4/mjsr0/si2054.wav
train/dr4/mjsr0/si794.wav
train/dr4/mjsr0/sx164.wav
train/dr4/mjsr0/sx254.wav
train/dr4/mjsr0/sx344.wav
train/dr4/mjsr0/sx434.wav
train/dr4/mjsr0/sx74.wav
train/dr4/mjws0/si1143.wav
train/dr4/mjws0/si1773.wav
train/dr4/mjws0/si513.wav
train/dr4/mjws0/sx153.wav
train/dr4/mjws0/sx243.wav
train/dr4/mjws0/sx333.wav
train/dr4/mjws0/sx423.wav
train/dr4/mjws0/sx63.wav
train/dr4/mjxl0/si1172.wav
train/dr4/mjxl0/si1795.wav
train/dr4/mjxl0/si542.wav
train/dr4/mjxl0/sx182.wav
train/dr4/mjxl0/sx272.wav
train/dr4/mjxl0/sx362.wav
train/dr4/mjxl0/sx452.wav
train/dr4/mjxl0/sx92.wav
train/dr4/mkam0/si1250.wav
train/dr4/mkam0/si1316.wav
train/dr4/mkam0/si1465.wav
train/dr4/mkam0/sx146.wav
train/dr4/mkam0/sx236.wav
train/dr4/mkam0/sx326.wav
train/dr4/mkam0/sx416.wav
train/dr4/mkam0/sx56.wav
train/dr4/mlbc0/si1239.wav
train/dr4/mlbc0/si1869.wav
train/dr4/mlbc0/si609.wav
train/dr4/mlbc0/sx159.wav
train/dr4/mlbc0/sx249.wav
train/dr4/mlbc0/sx339.wav
train/dr4/mlbc0/sx429.wav
train/dr4/mlbc0/sx69.wav
train/dr4/mlel0/si1246.wav
train/dr4/mlel0/si1876.wav
train/dr4/mlel0/si616.wav
train/dr4/mlel0/sx166.wav
train/dr4/mlel0/sx256.wav
train/dr4/mlel0/sx346.wav
train/dr4/mlel0/sx436.wav
train/dr4/mlel0/sx76.wav
train/dr4/mljc0/si1225.wav
train/dr4/mljc0/si1855.wav
train/dr4/mljc0/si595.wav
train/dr4/mljc0/sx145.wav
train/dr4/mljc0/sx235.wav
train/dr4/mljc0/sx325.wav
train/dr4/mljc0/sx415.wav
train/dr4/mljc0/sx55.wav
train/dr4/mljh0/si1324.wav
train/dr4/mljh0/si1422.wav
train/dr4/mljh0/si694.wav
train/dr4/mljh0/sx154.wav
train/dr4/mljh0/sx244.wav
train/dr4/mljh0/sx334.wav
train/dr4/mljh0/sx424.wav
train/dr4/mljh0/sx64.wav
train/dr4/mlsh0/si1417.wav
train/dr4/mlsh0/si2047.wav
train/dr4/mlsh0/si787.wav
train/dr4/mlsh0/sx157.wav
train/dr4/mlsh0/sx247.wav
train/dr4/mlsh0/sx337.wav
train/dr4/mlsh0/sx427.wav
train/dr4/mlsh0/sx67.wav
train/dr4/mmbs0/si1151.wav
train/dr4/mmbs0/si1781.wav
train/dr4/mmbs0/si521.wav
train/dr4/mmbs0/sx161.wav
train/dr4/mmbs0/sx251.wav
train/dr4/mmbs0/sx341.wav
train/dr4/mmbs0/sx431.wav
train/dr4/mmbs0/sx71.wav
train/dr4/mmdm0/si1311.wav
train/dr4/mmdm0/si1941.wav
train/dr4/mmdm0/si681.wav
train/dr4/mmdm0/sx141.wav
train/dr4/mmdm0/sx231.wav
train/dr4/mmdm0/sx321.wav
train/dr4/mmdm0/sx411.wav
train/dr4/mmdm0/sx51.wav
train/dr4/mmgc0/si1305.wav
train/dr4/mmgc0/si1935.wav
train/dr4/mmgc0/si2184.wav
train/dr4/mmgc0/sx135.wav
train/dr4/mmgc0/sx225.wav
train/dr4/mmgc0/sx315.wav
train/dr4/mmgc0/sx405.wav
train/dr4/mmgc0/sx45.wav
train/dr4/mnet0/si1446.wav
train/dr4/mnet0/si2076.wav
train/dr4/mnet0/si816.wav
train/dr4/mnet0/sx186.wav
train/dr4/mnet0/sx276.wav
train/dr4/mnet0/sx366.wav
train/dr4/mnet0/sx6.wav
train/dr4/mnet0/sx96.wav
train/dr4/mpeb0/si1034.wav
train/dr4/mpeb0/si1860.wav
train/dr4/mpeb0/si600.wav
train/dr4/mpeb0/sx150.wav
train/dr4/mpeb0/sx240.wav
train/dr4/mpeb0/sx330.wav
train/dr4/mpeb0/sx420.wav
train/dr4/mpeb0/sx60.wav
train/dr4/mprk0/si1097.wav
train/dr4/mprk0/si1727.wav
train/dr4/mprk0/si467.wav
train/dr4/mprk0/sx107.wav
train/dr4/mprk0/sx17.wav
train/dr4/mprk0/sx197.wav
train/dr4/mprk0/sx287.wav
train/dr4/mprk0/sx377.wav
train/dr4/mprt0/si1210.wav
train/dr4/mprt0/si495.wav
train/dr4/mprt0/si580.wav
train/dr4/mprt0/sx130.wav
train/dr4/mprt0/sx220.wav
train/dr4/mprt0/sx310.wav
train/dr4/mprt0/sx40.wav
train/dr4/mprt0/sx400.wav
train/dr4/mrab1/si1478.wav
train/dr4/mrab1/si2108.wav
train/dr4/mrab1/si848.wav
train/dr4/mrab1/sx128.wav
train/dr4/mrab1/sx218.wav
train/dr4/mrab1/sx308.wav
train/dr4/mrab1/sx38.wav
train/dr4/mrab1/sx398.wav
train/dr4/mrfl0/si1156.wav
train/dr4/mrfl0/si1786.wav
train/dr4/mrfl0/si526.wav
train/dr4/mrfl0/sx166.wav
train/dr4/mrfl0/sx256.wav
train/dr4/mrfl0/sx346.wav
train/dr4/mrfl0/sx436.wav
train/dr4/mrfl0/sx76.wav
train/dr4/mrgm0/si1162.wav
train/dr4/mrgm0/si1792.wav
train/dr4/mrgm0/si532.wav
train/dr4/mrgm0/sx172.wav
train/dr4/mrgm0/sx262.wav
train/dr4/mrgm0/sx416.wav
train/dr4/mrgm0/sx442.wav
train/dr4/mrgm0/sx82.wav
train/dr4/mrsp0/si1429.wav
train/dr4/mrsp0/si2059.wav
train/dr4/mrsp0/si799.wav
train/dr4/mrsp0/sx169.wav
train/dr4/mrsp0/sx196.wav
train/dr4/mrsp0/sx259.wav
train/dr4/mrsp0/sx439.wav
train/dr4/mrsp0/sx79.wav
train/dr4/msfh0/si1216.wav
train/dr4/msfh0/si1738.wav
train/dr4/msfh0/si586.wav
train/dr4/msfh0/sx136.wav
train/dr4/msfh0/sx226.wav
train/dr4/msfh0/sx316.wav
train/dr4/msfh0/sx406.wav
train/dr4/msfh0/sx46.wav
train/dr4/msmc0/si1907.wav
train/dr4/msmc0/si509.wav
train/dr4/msmc0/si647.wav
train/dr4/msmc0/sx107.wav
train/dr4/msmc0/sx17.wav
train/dr4/msmc0/sx197.wav
train/dr4/msmc0/sx287.wav
train/dr4/msmc0/sx377.wav
train/dr4/msms0/si1433.wav
train/dr4/msms0/si2063.wav
train/dr4/msms0/si803.wav
train/dr4/msms0/sx173.wav
train/dr4/msms0/sx263.wav
train/dr4/msms0/sx353.wav
train/dr4/msms0/sx443.wav
train/dr4/msms0/sx83.wav
train/dr4/msrg0/si1221.wav
train/dr4/msrg0/si1851.wav
train/dr4/msrg0/si591.wav
train/dr4/msrg0/sx141.wav
train/dr4/msrg0/sx231.wav
train/dr4/msrg0/sx321.wav
train/dr4/msrg0/sx411.wav
train/dr4/msrg0/sx51.wav
train/dr4/mstf0/si1396.wav
train/dr4/mstf0/si766.wav
train/dr4/mstf0/si852.wav
train/dr4/mstf0/sx136.wav
train/dr4/mstf0/sx226.wav
train/dr4/mstf0/sx316.wav
train/dr4/mstf0/sx406.wav
train/dr4/mstf0/sx46.wav
train/dr4/mtas0/si1385.wav
train/dr4/mtas0/si2015.wav
train/dr4/mtas0/si755.wav
train/dr4/mtas0/sx125.wav
train/dr4/mtas0/sx215.wav
train/dr4/mtas0/sx305.wav
train/dr4/mtas0/sx35.wav
train/dr4/mtas0/sx395.wav
train/dr4/mtqc0/si1441.wav
train/dr4/mtqc0/si2071.wav
train/dr4/mtqc0/si480.wav
train/dr4/mtqc0/sx181.wav
train/dr4/mtqc0/sx271.wav
train/dr4/mtqc0/sx361.wav
train/dr4/mtqc0/sx451.wav
train/dr4/mtqc0/sx91.wav
train/dr4/mtrc0/si1623.wav
train/dr4/mtrc0/si589.wav
train/dr4/mtrc0/si993.wav
train/dr4/mtrc0/sx170.wav
train/dr4/mtrc0/sx183.wav
train/dr4/mtrc0/sx273.wav
train/dr4/mtrc0/sx363.wav
train/dr4/mtrc0/sx93.wav
train/dr4/mtrt0/si1227.wav
train/dr4/mtrt0/si1857.wav
train/dr4/mtrt0/si597.wav
train/dr4/mtrt0/sx147.wav
train/dr4/mtrt0/sx237.wav
train/dr4/mtrt0/sx254.wav
train/dr4/mtrt0/sx417.wav
train/dr4/mtrt0/sx57.wav
train/dr5/fbjl0/si1552.wav
train/dr5/fbjl0/si2182.wav
train/dr5/fbjl0/si922.wav
train/dr5/fbjl0/sx112.wav
train/dr5/fbjl0/sx202.wav
train/dr5/fbjl0/sx22.wav
train/dr5/fbjl0/sx292.wav
train/dr5/fbjl0/sx382.wav
train/dr5/fbmh0/si1136.wav
train/dr5/fbmh0/si1766.wav
train/dr5/fbmh0/si970.wav
train/dr5/fbmh0/sx146.wav
train/dr5/fbmh0/sx236.wav
train/dr5/fbmh0/sx326.wav
train/dr5/fbmh0/sx416.wav
train/dr5/fbmh0/sx56.wav
train/dr5/fcdr1/si1186.wav
train/dr5/fcdr1/si1816.wav
train/dr5/fcdr1/si556.wav
train/dr5/fcdr1/sx106.wav
train/dr5/fcdr1/sx16.wav
train/dr5/fcdr1/sx196.wav
train/dr5/fcdr1/sx286.wav
train/dr5/fcdr1/sx376.wav
train/dr5/fdmy0/si1197.wav
train/dr5/fdmy0/si567.wav
train/dr5/fdmy0/si714.wav
train/dr5/fdmy0/sx117.wav
train/dr5/fdmy0/sx207.wav
train/dr5/fdmy0/sx27.wav
train/dr5/fdmy0/sx297.wav
train/dr5/fdmy0/sx387.wav
train/dr5/fdtd0/si1561.wav
train/dr5/fdtd0/si2191.wav
train/dr5/fdtd0/si931.wav
train/dr5/fdtd0/sx121.wav
train/dr5/fdtd0/sx211.wav
train/dr5/fdtd0/sx301.wav
train/dr5/fdtd0/sx321.wav
train/dr5/fdtd0/sx391.wav
train/dr5/fear0/si1252.wav
train/dr5/fear0/si1882.wav
train/dr5/fear0/si622.wav
train/dr5/fear0/sx172.wav
train/dr5/fear0/sx262.wav
train/dr5/fear0/sx352.wav
train/dr5/fear0/sx442.wav
train/dr5/fear0/sx82.wav
train/dr5/fexm0/si1101.wav
train/dr5/fexm0/si1731.wav
train/dr5/fexm0/si482.wav
train/dr5/fexm0/sx111.wav
train/dr5/fexm0/sx201.wav
train/dr5/fexm0/sx291.wav
train/dr5/fexm0/sx366.wav
train/dr5/fexm0/sx381.wav
train/dr5/fgdp0/si1618.wav
train/dr5/fgdp0/si2248.wav
train/dr5/fgdp0/si988.wav
train/dr5/fgdp0/sx178.wav
train/dr5/fgdp0/sx268.wav
train/dr5/fgdp0/sx358.wav
train/dr5/fgdp0/sx448.wav
train/dr5/fgdp0/sx88.wav
train/dr5/fgmb0/si1145.wav
train/dr5/fgmb0/si1775.wav
train/dr5/fgmb0/si515.wav
train/dr5/fgmb0/sx155.wav
train/dr5/fgmb0/sx245.wav
train/dr5/fgmb0/sx335.wav
train/dr5/fgmb0/sx425.wav
train/dr5/fgmb0/sx65.wav
train/dr5/fjxm0/si1211.wav
train/dr5/fjxm0/si1971.wav
train/dr5/fjxm0/si581.wav
train/dr5/fjxm0/sx131.wav
train/dr5/fjxm0/sx221.wav
train/dr5/fjxm0/sx311.wav
train/dr5/fjxm0/sx401.wav
train/dr5/fjxm0/sx41.wav
train/dr5/fkkh0/si1290.wav
train/dr5/fkkh0/si1920.wav
train/dr5/fkkh0/si660.wav
train/dr5/fkkh0/sx120.wav
train/dr5/fkkh0/sx210.wav
train/dr5/fkkh0/sx30.wav
train/dr5/fkkh0/sx300.wav
train/dr5/fkkh0/sx390.wav
train/dr5/flja0/si1078.wav
train/dr5/flja0/si1708.wav
train/dr5/flja0/si2338.wav
train/dr5/flja0/sx178.wav
train/dr5/flja0/sx268.wav
train/dr5/flja0/sx358.wav
train/dr5/flja0/sx448.wav
train/dr5/flja0/sx88.wav
train/dr5/fljg0/si1611.wav
train/dr5/fljg0/si2241.wav
train/dr5/fljg0/si981.wav
train/dr5/fljg0/sx171.wav
train/dr5/fljg0/sx261.wav
train/dr5/fljg0/sx351.wav
train/dr5/fljg0/sx441.wav
train/dr5/fljg0/sx81.wav
train/dr5/flmk0/si1035.wav
train/dr5/flmk0/si1229.wav
train/dr5/flmk0/si2295.wav
train/dr5/flmk0/sx135.wav
train/dr5/flmk0/sx225.wav
train/dr5/flmk0/sx315.wav
train/dr5/flmk0/sx405.wav
train/dr5/flmk0/sx45.wav
train/dr5/flod0/si1287.wav
train/dr5/flod0/si1917.wav
train/dr5/flod0/si657.wav
train/dr5/flod0/sx117.wav
train/dr5/flod0/sx171.wav
train/dr5/flod0/sx207.wav
train/dr5/flod0/sx297.wav
train/dr5/flod0/sx387.wav
train/dr5/fmpg0/si1602.wav
train/dr5/fmpg0/si2232.wav
train/dr5/fmpg0/si972.wav
train/dr5/fmpg0/sx162.wav
train/dr5/fmpg0/sx252.wav
train/dr5/fmpg0/sx342.wav
train/dr5/fmpg0/sx432.wav
train/dr5/fmpg0/sx72.wav
train/dr5/fpmy0/si1153.wav
train/dr5/fpmy0/si1783.wav
train/dr5/fpmy0/si523.wav
train/dr5/fpmy0/sx163.wav
train/dr5/fpmy0/sx196.wav
train/dr5/fpmy0/sx253.wav
train/dr5/fpmy0/sx343.wav
train/dr5/fpmy0/sx73.wav
train/dr5/fsag0/si1323.wav
train/dr5/fsag0/si1953.wav
train/dr5/fsag0/si693.wav
train/dr5/fsag0/sx153.wav
train/dr5/fsag0/sx243.wav
train/dr5/fsag0/sx333.wav
train/dr5/fsag0/sx423.wav
train/dr5/fsag0/sx63.wav
train/dr5/fsdc0/si1312.wav
train/dr5/fsdc0/si1942.wav
train/dr5/fsdc0/si2234.wav
train/dr5/fsdc0/sx142.wav
train/dr5/fsdc0/sx232.wav
train/dr5/fsdc0/sx322.wav
train/dr5/fsdc0/sx412.wav
train/dr5/fsdc0/sx52.wav
train/dr5/fsjg0/si1570.wav
train/dr5/fsjg0/si2200.wav
train/dr5/fsjg0/si940.wav
train/dr5/fsjg0/sx130.wav
train/dr5/fsjg0/sx220.wav
train/dr5/fsjg0/sx310.wav
train/dr5/fsjg0/sx40.wav
train/dr5/fsjg0/sx400.wav
train/dr5/fskp0/si1098.wav
train/dr5/fskp0/si1728.wav
train/dr5/fskp0/si468.wav
train/dr5/fskp0/sx108.wav
train/dr5/fskp0/sx18.wav
train/dr5/fskp0/sx198.wav
train/dr5/fskp0/sx288.wav
train/dr5/fskp0/sx378.wav
train/dr5/fsmm0/si1314.wav
train/dr5/fsmm0/si1944.wav
train/dr5/fsmm0/si684.wav
train/dr5/fsmm0/sx144.wav
train/dr5/fsmm0/sx234.wav
train/dr5/fsmm0/sx324.wav
train/dr5/fsmm0/sx414.wav
train/dr5/fsmm0/sx54.wav
train/dr5/fsms1/si1504.wav
train/dr5/fsms1/si2134.wav
train/dr5/fsms1/si874.wav
train/dr5/fsms1/sx154.wav
train/dr5/fsms1/sx244.wav
train/dr5/fsms1/sx334.wav
train/dr5/fsms1/sx347.wav
train/dr5/fsms1/sx64.wav
train/dr5/ftbw0/si1345.wav
train/dr5/ftbw0/si1975.wav
train/dr5/ftbw0/si715.wav
train/dr5/ftbw0/sx175.wav
train/dr5/ftbw0/sx265.wav
train/dr5/ftbw0/sx355.wav
train/dr5/ftbw0/sx445.wav
train/dr5/ftbw0/sx85.wav
train/dr5/ftlg0/si1743.wav
train/dr5/ftlg0/si483.wav
train/dr5/ftlg0/si840.wav
train/dr5/ftlg0/sx123.wav
train/dr5/ftlg0/sx213.wav
train/dr5/ftlg0/sx303.wav
train/dr5/ftlg0/sx33.wav
train/dr5/ftlg0/sx393.wav
train/dr5/mbgt0/si1341.wav
train/dr5/mbgt0/si1841.wav
train/dr5/mbgt0/si711.wav
train/dr5/mbgt0/sx171.wav
train/dr5/mbgt0/sx261.wav
train/dr5/mbgt0/sx351.wav
train/dr5/mbgt0/sx441.wav
train/dr5/mbgt0/sx81.wav
train/dr5/mchl0/si1347.wav
train/dr5/mchl0/si1404.wav
train/dr5/mchl0/si1977.wav
train/dr5/mchl0/sx177.wav
train/dr5/mchl0/sx267.wav
train/dr5/mchl0/sx357.wav
train/dr5/mchl0/sx447.wav
train/dr5/mchl0/sx87.wav
train/dr5/mclm0/si1456.wav
train/dr5/mclm0/si2086.wav
train/dr5/mclm0/si826.wav
train/dr5/mclm0/sx106.wav
train/dr5/mclm0/sx16.wav
train/dr5/mclm0/sx196.wav
train/dr5/mclm0/sx286.wav
train/dr5/mclm0/sx376.wav
train/dr5/mdas0/si1266.wav
train/dr5/mdas0/si1896.wav
train/dr5/mdas0/si636.wav
train/dr5/mdas0/sx186.wav
train/dr5/mdas0/sx21.wav
train/dr5/mdas0/sx276.wav
train/dr5/mdas0/sx6.wav
train/dr5/mdas0/sx96.wav
train/dr5/mdhl0/si1439.wav
train/dr5/mdhl0/si2069.wav
train/dr5/mdhl0/si809.wav
train/dr5/mdhl0/sx179.wav
train/dr5/mdhl0/sx269.wav
train/dr5/mdhl0/sx359.wav
train/dr5/mdhl0/sx449.wav
train/dr5/mdhl0/sx89.wav
train/dr5/mdsj0/si1462.wav
train/dr5/mdsj0/si2092.wav
train/dr5/mdsj0/si832.wav
train/dr5/mdsj0/sx112.wav
train/dr5/mdsj0/sx22.wav
train/dr5/mdsj0/sx292.wav
train/dr5/mdsj0/sx382.wav
train/dr5/mdsj0/sx438.wav
train/dr5/mdwh0/si1168.wav
train/dr5/mdwh0/si1925.wav
train/dr5/mdwh0/si665.wav
train/dr5/mdwh0/sx125.wav
train/dr5/mdwh0/sx215.wav
train/dr5/mdwh0/sx305.wav
train/dr5/mdwh0/sx35.wav
train/dr5/mdwh0/sx395.wav
train/dr5/megj0/si1337.wav
train/dr5/megj0/si1967.wav
train/dr5/megj0/si707.wav
train/dr5/megj0/sx167.wav
train/dr5/megj0/sx257.wav
train/dr5/megj0/sx3.wav
train/dr5/megj0/sx437.wav
train/dr5/megj0/sx77.wav
train/dr5/mewm0/si1348.wav
train/dr5/mewm0/si1978.wav
train/dr5/mewm0/si718.wav
train/dr5/mewm0/sx178.wav
train/dr5/mewm0/sx268.wav
train/dr5/mewm0/sx358.wav
train/dr5/mewm0/sx448.wav
train/dr5/mewm0/sx88.wav
train/dr5/mfer0/si1492.wav
train/dr5/mfer0/si2122.wav
train/dr5/mfer0/si862.wav
train/dr5/mfer0/sx142.wav
train/dr5/mfer0/sx232.wav
train/dr5/mfer0/sx322.wav
train/dr5/mfer0/sx412.wav
train/dr5/mfer0/sx52.wav
train/dr5/mges0/si1481.wav
train/dr5/mges0/si2111.wav
train/dr5/mges0/si851.wav
train/dr5/mges0/sx131.wav
train/dr5/mges0/sx221.wav
train/dr5/mges0/sx311.wav
train/dr5/mges0/sx401.wav
train/dr5/mges0/sx41.wav
train/dr5/mgsh0/si1176.wav
train/dr5/mgsh0/si1806.wav
train/dr5/mgsh0/si546.wav
train/dr5/mgsh0/sx127.wav
train/dr5/mgsh0/sx186.wav
train/dr5/mgsh0/sx276.wav
train/dr5/mgsh0/sx6.wav
train/dr5/mgsh0/sx96.wav
train/dr5/mhit0/si1613.wav
train/dr5/mhit0/si2243.wav
train/dr5/mhit0/si983.wav
train/dr5/mhit0/sx173.wav
train/dr5/mhit0/sx263.wav
train/dr5/mhit0/sx353.wav
train/dr5/mhit0/sx443.wav
train/dr5/mhit0/sx83.wav
train/dr5/mhmg0/si1365.wav
train/dr5/mhmg0/si1995.wav
train/dr5/mhmg0/si735.wav
train/dr5/mhmg0/sx105.wav
train/dr5/mhmg0/sx15.wav
train/dr5/mhmg0/sx195.wav
train/dr5/mhmg0/sx285.wav
train/dr5/mhmg0/sx375.wav
train/dr5/mjdm0/si1340.wav
train/dr5/mjdm0/si1937.wav
train/dr5/mjdm0/si974.wav
train/dr5/mjdm0/sx170.wav
train/dr5/mjdm0/sx260.wav
train/dr5/mjdm0/sx350.wav
train/dr5/mjdm0/sx440.wav
train/dr5/mjdm0/sx80.wav
train/dr5/mjfh0/si1107.wav
train/dr5/mjfh0/si1737.wav
train/dr5/mjfh0/si477.wav
train/dr5/mjfh0/sx117.wav
train/dr5/mjfh0/sx207.wav
train/dr5/mjfh0/sx27.wav
train/dr5/mjfh0/sx297.wav
train/dr5/mjfh0/sx387.wav
train/dr5/mjpg0/si1191.wav
train/dr5/mjpg0/si1821.wav
train/dr5/mjpg0/si561.wav
train/dr5/mjpg0/sx111.wav
train/dr5/mjpg0/sx201.wav
train/dr5/mjpg0/sx21.wav
train/dr5/mjpg0/sx291.wav
train/dr5/mjpg0/sx381.wav
train/dr5/mjrg0/si1366.wav
train/dr5/mjrg0/si1996.wav
train/dr5/mjrg0/si736.wav
train/dr5/mjrg0/sx106.wav
train/dr5/mjrg0/sx16.wav
train/dr5/mjrg0/sx286.wav
train/dr5/mjrg0/sx352.wav
train/dr5/mjrg0/sx376.wav
train/dr5/mjwg0/si2155.wav
train/dr5/mjwg0/si813.wav
train/dr5/mjwg0/si895.wav
train/dr5/mjwg0/sx175.wav
train/dr5/mjwg0/sx265.wav
train/dr5/mjwg0/sx355.wav
train/dr5/mjwg0/sx445.wav
train/dr5/mjwg0/sx85.wav
train/dr5/mjxa0/si1507.wav
train/dr5/mjxa0/si2137.wav
train/dr5/mjxa0/si877.wav
train/dr5/mjxa0/sx157.wav
train/dr5/mjxa0/sx247.wav
train/dr5/mjxa0/sx337.wav
train/dr5/mjxa0/sx427.wav
train/dr5/mjxa0/sx67.wav
train/dr5/mmab1/si1494.wav
train/dr5/mmab1/si2124.wav
train/dr5/mmab1/si864.wav
train/dr5/mmab1/sx144.wav
train/dr5/mmab1/sx234.wav
train/dr5/mmab1/sx324.wav
train/dr5/mmab1/sx414.wav
train/dr5/mmab1/sx54.wav
train/dr5/mmcc0/si1338.wav
train/dr5/mmcc0/si1968.wav
train/dr5/mmcc0/si708.wav
train/dr5/mmcc0/sx168.wav
train/dr5/mmcc0/sx258.wav
train/dr5/mmcc0/sx348.wav
train/dr5/mmcc0/sx438.wav
train/dr5/mmcc0/sx78.wav
train/dr5/mmdm1/si1650.wav
train/dr5/mmdm1/si2043.wav
train/dr5/mmdm1/si783.wav
train/dr5/mmdm1/sx153.wav
train/dr5/mmdm1/sx243.wav
train/dr5/mmdm1/sx333.wav
train/dr5/mmdm1/sx423.wav
train/dr5/mmdm1/sx63.wav
train/dr5/mmvp0/si1284.wav
train/dr5/mmvp0/si1914.wav
train/dr5/mmvp0/si654.wav
train/dr5/mmvp0/sx114.wav
train/dr5/mmvp0/sx204.wav
train/dr5/mmvp0/sx294.wav
train/dr5/mmvp0/sx347.wav
train/dr5/mmvp0/sx384.wav
train/dr5/mmwb0/si1619.wav
train/dr5/mmwb0/si2249.wav
train/dr5/mmwb0/si989.wav
train/dr5/mmwb0/sx179.wav
train/dr5/mmwb0/sx269.wav
train/dr5/mmwb0/sx359.wav
train/dr5/mmwb0/sx449.wav
train/dr5/mmwb0/sx89.wav
train/dr5/mpmb0/si1501.wav
train/dr5/mpmb0/si2131.wav
train/dr5/mpmb0/si871.wav
train/dr5/mpmb0/sx151.wav
train/dr5/mpmb0/sx241.wav
train/dr5/mpmb0/sx331.wav
train/dr5/mpmb0/sx421.wav
train/dr5/mpmb0/sx61.wav
train/dr5/mram0/si1275.wav
train/dr5/mram0/si1905.wav
train/dr5/mram0/si1951.wav
train/dr5/mram0/sx105.wav
train/dr5/mram0/sx15.wav
train/dr5/mram0/sx195.wav
train/dr5/mram0/sx285.wav
train/dr5/mram0/sx375.wav
train/dr5/mrav0/si1008.wav
train/dr5/mrav0/si1638.wav
train/dr5/mrav0/si2268.wav
train/dr5/mrav0/sx108.wav
train/dr5/mrav0/sx18.wav
train/dr5/mrav0/sx198.wav
train/dr5/mrav0/sx288.wav
train/dr5/mrav0/sx378.wav
train/dr5/mrew1/si1500.wav
train/dr5/mrew1/si2130.wav
train/dr5/mrew1/si870.wav
train/dr5/mrew1/sx150.wav
train/dr5/mrew1/sx240.wav
train/dr5/mrew1/sx330.wav
train/dr5/mrew1/sx420.wav
train/dr5/mrew1/sx60.wav
train/dr5/mrkm0/si1267.wav
train/dr5/mrkm0/si1391.wav
train/dr5/mrkm0/si637.wav
train/dr5/mrkm0/sx187.wav
train/dr5/mrkm0/sx277.wav
train/dr5/mrkm0/sx367.wav
train/dr5/mrkm0/sx7.wav
train/dr5/mrkm0/sx97.wav
train/dr5/mrld0/si1594.wav
train/dr5/mrld0/si2224.wav
train/dr5/mrld0/si964.wav
train/dr5/mrld0/sx154.wav
train/dr5/mrld0/sx244.wav
train/dr5/mrld0/sx334.wav
train/dr5/mrld0/sx424.wav
train/dr5/mrld0/sx64.wav
train/dr5/mrml0/si1421.wav
train/dr5/mrml0/si2051.wav
train/dr5/mrml0/si791.wav
train/dr5/mrml0/sx161.wav
train/dr5/mrml0/sx251.wav
train/dr5/mrml0/sx341.wav
train/dr5/mrml0/sx431.wav
train/dr5/mrml0/sx71.wav
train/dr5/mrvg0/si1140.wav
train/dr5/mrvg0/si1770.wav
train/dr5/mrvg0/si510.wav
train/dr5/mrvg0/sx150.wav
train/dr5/mrvg0/sx240.wav
train/dr5/mrvg0/sx330.wav
train/dr5/mrvg0/sx420.wav
train/dr5/mrvg0/sx60.wav
train/dr5/msas0/si1376.wav
train/dr5/msas0/si2006.wav
train/dr5/msas0/si746.wav
train/dr5/msas0/sx116.wav
train/dr5/msas0/sx206.wav
train/dr5/msas0/sx26.wav
train/dr5/msas0/sx296.wav
train/dr5/msas0/sx386.wav
train/dr5/msdh0/si2113.wav
train/dr5/msdh0/si2240.wav
train/dr5/msdh0/si980.wav
train/dr5/msdh0/sx170.wav
train/dr5/msdh0/sx260.wav
train/dr5/msdh0/sx350.wav
train/dr5/msdh0/sx440.wav
train/dr5/msdh0/sx80.wav
train/dr5/msem1/si1440.wav
train/dr5/msem1/si2070.wav
train/dr5/msem1/si810.wav
train/dr5/msem1/sx180.wav
train/dr5/msem1/sx270.wav
train/dr5/msem1/sx360.wav
train/dr5/msem1/sx450.wav
train/dr5/msem1/sx90.wav
train/dr5/msrr0/si1131.wav
train/dr5/msrr0/si1761.wav
train/dr5/msrr0/si501.wav
train/dr5/msrr0/sx141.wav
train/dr5/msrr0/sx231.wav
train/dr5/msrr0/sx30.wav
train/dr5/msrr0/sx411.wav
train/dr5/msrr0/sx51.wav
train/dr5/mtat0/si1110.wav
train/dr5/mtat0/si1740.wav
train/dr5/mtat0/si811.wav
train/dr5/mtat0/sx120.wav
train/dr5/mtat0/sx210.wav
train/dr5/mtat0/sx30.wav
train/dr5/mtat0/sx300.wav
train/dr5/mtat0/sx390.wav
train/dr5/mtdp0/si1274.wav
train/dr5/mtdp0/si1521.wav
train/dr5/mtdp0/si2151.wav
train/dr5/mtdp0/sx171.wav
train/dr5/mtdp0/sx261.wav
train/dr5/mtdp0/sx351.wav
train/dr5/mtdp0/sx441.wav
train/dr5/mtdp0/sx81.wav
train/dr5/mtmt0/si1118.wav
train/dr5/mtmt0/si1748.wav
train/dr5/mtmt0/si488.wav
train/dr5/mtmt0/sx128.wav
train/dr5/mtmt0/sx218.wav
train/dr5/mtmt0/sx308.wav
train/dr5/mtmt0/sx38.wav
train/dr5/mtmt0/sx398.wav
train/dr5/mvlo0/si1147.wav
train/dr5/mvlo0/si1777.wav
train/dr5/mvlo0/si517.wav
train/dr5/mvlo0/sx157.wav
train/dr5/mvlo0/sx247.wav
train/dr5/mvlo0/sx337.wav
train/dr5/mvlo0/sx427.wav
train/dr5/mvlo0/sx67.wav
train/dr5/mwac0/si1601.wav
train/dr5/mwac0/si2231.wav
train/dr5/mwac0/si971.wav
train/dr5/mwac0/sx161.wav
train/dr5/mwac0/sx251.wav
train/dr5/mwac0/sx341.wav
train/dr5/mwac0/sx431.wav
train/dr5/mwac0/sx71.wav
train/dr5/mwch0/si1622.wav
train/dr5/mwch0/si1895.wav
train/dr5/mwch0/si2252.wav
train/dr5/mwch0/sx182.wav
train/dr5/mwch0/sx272.wav
train/dr5/mwch0/sx362.wav
train/dr5/mwch0/sx452.wav
train/dr5/mwch0/sx92.wav
train/dr5/mwem0/si1320.wav
train/dr5/mwem0/si1393.wav
train/dr5/mwem0/si1950.wav
train/dr5/mwem0/sx150.wav
train/dr5/mwem0/sx240.wav
train/dr5/mwem0/sx330.wav
train/dr5/mwem0/sx420.wav
train/dr5/mwem0/sx60.wav
train/dr5/mwsh0/si1426.wav
train/dr5/mwsh0/si2266.wav
train/dr5/mwsh0/si796.wav
train/dr5/mwsh0/sx166.wav
train/dr5/mwsh0/sx256.wav
train/dr5/mwsh0/sx346.wav
train/dr5/mwsh0/sx436.wav
train/dr5/mwsh0/sx76.wav
train/dr6/fapb0/si1063.wav
train/dr6/fapb0/si1693.wav
train/dr6/fapb0/si2323.wav
train/dr6/fapb0/sx163.wav
train/dr6/fapb0/sx253.wav
train/dr6/fapb0/sx343.wav
train/dr6/fapb0/sx433.wav
train/dr6/fapb0/sx73.wav
train/dr6/fbch0/si1586.wav
train/dr6/fbch0/si956.wav
train/dr6/fbch0/si959.wav
train/dr6/fbch0/sx146.wav
train/dr6/fbch0/sx236.wav
train/dr6/fbch0/sx326.wav
train/dr6/fbch0/sx416.wav
train/dr6/fbch0/sx56.wav
train/dr6/fhxs0/si1075.wav
train/dr6/fhxs0/si2302.wav
train/dr6/fhxs0/si2335.wav
train/dr6/fhxs0/sx175.wav
train/dr6/fhxs0/sx265.wav
train/dr6/fhxs0/sx355.wav
train/dr6/fhxs0/sx445.wav
train/dr6/fhxs0/sx85.wav
train/dr6/fjdm2/si1582.wav
train/dr6/fjdm2/si1964.wav
train/dr6/fjdm2/si2212.wav
train/dr6/fjdm2/sx142.wav
train/dr6/fjdm2/sx232.wav
train/dr6/fjdm2/sx322.wav
train/dr6/fjdm2/sx412.wav
train/dr6/fjdm2/sx52.wav
train/dr6/fklc1/si1048.wav
train/dr6/fklc1/si1678.wav
train/dr6/fklc1/si2308.wav
train/dr6/fklc1/sx148.wav
train/dr6/fklc1/sx238.wav
train/dr6/fklc1/sx328.wav
train/dr6/fklc1/sx418.wav
train/dr6/fklc1/sx58.wav
train/dr6/flag0/si1464.wav
train/dr6/flag0/si2094.wav
train/dr6/flag0/si834.wav
train/dr6/flag0/sx114.wav
train/dr6/flag0/sx204.wav
train/dr6/flag0/sx24.wav
train/dr6/flag0/sx294.wav
train/dr6/flag0/sx384.wav
train/dr6/fmju0/si1389.wav
train/dr6/fmju0/si2019.wav
train/dr6/fmju0/si759.wav
train/dr6/fmju0/sx129.wav
train/dr6/fmju0/sx219.wav
train/dr6/fmju0/sx309.wav
train/dr6/fmju0/sx39.wav
train/dr6/fmju0/sx399.wav
train/dr6/fpad0/si1346.wav
train/dr6/fpad0/si1976.wav
train/dr6/fpad0/si716.wav
train/dr6/fpad0/sx176.wav
train/dr6/fpad0/sx266.wav
train/dr6/fpad0/sx356.wav
train/dr6/fpad0/sx446.wav
train/dr6/fpad0/sx86.wav
train/dr6/frjb0/si1427.wav
train/dr6/frjb0/si1470.wav
train/dr6/frjb0/si1794.wav
train/dr6/frjb0/sx167.wav
train/dr6/frjb0/sx257.wav
train/dr6/frjb0/sx347.wav
train/dr6/frjb0/sx437.wav
train/dr6/frjb0/sx77.wav
train/dr6/fsbk0/si1069.wav
train/dr6/fsbk0/si1699.wav
train/dr6/fsbk0/si2329.wav
train/dr6/fsbk0/sx169.wav
train/dr6/fsbk0/sx259.wav
train/dr6/fsbk0/sx349.wav
train/dr6/fsbk0/sx439.wav
train/dr6/fsbk0/sx79.wav
train/dr6/fsdj0/si1115.wav
train/dr6/fsdj0/si1745.wav
train/dr6/fsdj0/si485.wav
train/dr6/fsdj0/sx125.wav
train/dr6/fsdj0/sx215.wav
train/dr6/fsdj0/sx305.wav
train/dr6/fsdj0/sx35.wav
train/dr6/fsdj0/sx395.wav
train/dr6/fsgf0/si1557.wav
train/dr6/fsgf0/si2187.wav
train/dr6/fsgf0/si927.wav
train/dr6/fsgf0/sx117.wav
train/dr6/fsgf0/sx207.wav
train/dr6/fsgf0/sx27.wav
train/dr6/fsgf0/sx297.wav
train/dr6/fsgf0/sx387.wav
train/dr6/ftaj0/si1329.wav
train/dr6/ftaj0/si474.wav
train/dr6/ftaj0/si699.wav
train/dr6/ftaj0/sx159.wav
train/dr6/ftaj0/sx249.wav
train/dr6/ftaj0/sx339.wav
train/dr6/ftaj0/sx429.wav
train/dr6/ftaj0/sx69.wav
train/dr6/mabc0/si1620.wav
train/dr6/mabc0/si2041.wav
train/dr6/mabc0/si781.wav
train/dr6/mabc0/sx151.wav
train/dr6/mabc0/sx241.wav
train/dr6/mabc0/sx331.wav
train/dr6/mabc0/sx421.wav
train/dr6/mabc0/sx61.wav
train/dr6/majp0/si1074.wav
train/dr6/majp0/si1704.wav
train/dr6/majp0/si2334.wav
train/dr6/majp0/sx174.wav
train/dr6/majp0/sx264.wav
train/dr6/majp0/sx354.wav
train/dr6/majp0/sx444.wav
train/dr6/majp0/sx84.wav
train/dr6/mbma1/si2207.wav
train/dr6/mbma1/si2214.wav
train/dr6/mbma1/si954.wav
train/dr6/mbma1/sx144.wav
train/dr6/mbma1/sx234.wav
train/dr6/mbma1/sx324.wav
train/dr6/mbma1/sx414.wav
train/dr6/mbma1/sx54.wav
train/dr6/mcae0/si1447.wav
train/dr6/mcae0/si2077.wav
train/dr6/mcae0/si817.wav
train/dr6/mcae0/sx187.wav
train/dr6/mcae0/sx277.wav
train/dr6/mcae0/sx367.wav
train/dr6/mcae0/sx7.wav
train/dr6/mcae0/sx97.wav
train/dr6/mdrd0/si1382.wav
train/dr6/mdrd0/si2012.wav
train/dr6/mdrd0/si752.wav
train/dr6/mdrd0/sx122.wav
train/dr6/mdrd0/sx212.wav
train/dr6/mdrd0/sx302.wav
train/dr6/mdrd0/sx32.wav
train/dr6/mdrd0/sx392.wav
train/dr6/meal0/si1547.wav
train/dr6/meal0/si2177.wav
train/dr6/meal0/si917.wav
train/dr6/meal0/sx107.wav
train/dr6/meal0/sx197.wav
train/dr6/meal0/sx287.wav
train/dr6/meal0/sx347.wav
train/dr6/meal0/sx377.wav
train/dr6/mejl0/si1592.wav
train/dr6/mejl0/si1654.wav
train/dr6/mejl0/si962.wav
train/dr6/mejl0/sx152.wav
train/dr6/mejl0/sx242.wav
train/dr6/mejl0/sx332.wav
train/dr6/mejl0/sx422.wav
train/dr6/mejl0/sx62.wav
train/dr6/mesj0/si2039.wav
train/dr6/mesj0/si2257.wav
train/dr6/mesj0/si997.wav
train/dr6/mesj0/sx187.wav
train/dr6/mesj0/sx277.wav
train/dr6/mesj0/sx367.wav
train/dr6/mesj0/sx7.wav
train/dr6/mesj0/sx97.wav
train/dr6/mjrk0/si1662.wav
train/dr6/mjrk0/si2103.wav
train/dr6/mjrk0/si880.wav
train/dr6/mjrk0/sx160.wav
train/dr6/mjrk0/sx250.wav
train/dr6/mjrk0/sx340.wav
train/dr6/mjrk0/sx430.wav
train/dr6/mjrk0/sx70.wav
train/dr6/mkes0/si1253.wav
train/dr6/mkes0/si1883.wav
train/dr6/mkes0/si623.wav
train/dr6/mkes0/sx173.wav
train/dr6/mkes0/sx263.wav
train/dr6/mkes0/sx353.wav
train/dr6/mkes0/sx443.wav
train/dr6/mkes0/sx83.wav
train/dr6/mkln0/si1598.wav
train/dr6/mkln0/si2228.wav
train/dr6/mkln0/si968.wav
train/dr6/mkln0/sx158.wav
train/dr6/mkln0/sx248.wav
train/dr6/mkln0/sx338.wav
train/dr6/mkln0/sx428.wav
train/dr6/mkln0/sx68.wav
train/dr6/mmdb0/si1358.wav
train/dr6/mmdb0/si1617.wav
train/dr6/mmdb0/si987.wav
train/dr6/mmdb0/sx177.wav
train/dr6/mmdb0/sx267.wav
train/dr6/mmdb0/sx357.wav
train/dr6/mmdb0/sx447.wav
train/dr6/mmdb0/sx87.wav
train/dr6/mpgr1/si1269.wav
train/dr6/mpgr1/si1499.wav
train/dr6/mpgr1/si2129.wav
train/dr6/mpgr1/sx149.wav
train/dr6/mpgr1/sx239.wav
train/dr6/mpgr1/sx329.wav
train/dr6/mpgr1/sx419.wav
train/dr6/mpgr1/sx59.wav
train/dr6/mrmb0/si1581.wav
train/dr6/mrmb0/si2211.wav
train/dr6/mrmb0/si951.wav
train/dr6/mrmb0/sx141.wav
train/dr6/mrmb0/sx231.wav
train/dr6/mrmb0/sx321.wav
train/dr6/mrmb0/sx411.wav
train/dr6/mrmb0/sx51.wav
train/dr6/mrxb0/si1585.wav
train/dr6/mrxb0/si2215.wav
train/dr6/mrxb0/si955.wav
train/dr6/mrxb0/sx145.wav
train/dr6/mrxb0/sx235.wav
train/dr6/mrxb0/sx325.wav
train/dr6/mrxb0/sx415.wav
train/dr6/mrxb0/sx55.wav
train/dr6/msat1/si1073.wav
train/dr6/msat1/si1703.wav
train/dr6/msat1/si2333.wav
train/dr6/msat1/sx173.wav
train/dr6/msat1/sx263.wav
train/dr6/msat1/sx353.wav
train/dr6/msat1/sx443.wav
train/dr6/msat1/sx83.wav
train/dr6/msds0/si1077.wav
train/dr6/msds0/si1707.wav
train/dr6/msds0/si2337.wav
train/dr6/msds0/sx177.wav
train/dr6/msds0/sx267.wav
train/dr6/msds0/sx357.wav
train/dr6/msds0/sx447.wav
train/dr6/msds0/sx87.wav
train/dr6/msjk0/si1596.wav
train/dr6/msjk0/si2226.wav
train/dr6/msjk0/si966.wav
train/dr6/msjk0/sx156.wav
train/dr6/msjk0/sx246.wav
train/dr6/msjk0/sx336.wav
train/dr6/msjk0/sx426.wav
train/dr6/msjk0/sx66.wav
train/dr6/msmr0/si1150.wav
train/dr6/msmr0/si1405.wav
train/dr6/msmr0/si775.wav
train/dr6/msmr0/sx145.wav
train/dr6/msmr0/sx235.wav
train/dr6/msmr0/sx325.wav
train/dr6/msmr0/sx415.wav
train/dr6/msmr0/sx55.wav
train/dr6/msvs0/si1568.wav
train/dr6/msvs0/si2198.wav
train/dr6/msvs0/si938.wav
train/dr6/msvs0/sx128.wav
train/dr6/msvs0/sx218.wav
train/dr6/msvs0/sx308.wav
train/dr6/msvs0/sx38.wav
train/dr6/msvs0/sx398.wav
train/dr6/mtju0/si2020.wav
train/dr6/mtju0/si2269.wav
train/dr6/mtju0/si760.wav
train/dr6/mtju0/sx130.wav
train/dr6/mtju0/sx220.wav
train/dr6/mtju0/sx310.wav
train/dr6/mtju0/sx40.wav
train/dr6/mtju0/sx400.wav
train/dr6/mtxs0/si1060.wav
train/dr6/mtxs0/si1690.wav
train/dr6/mtxs0/si2320.wav
train/dr6/mtxs0/sx160.wav
train/dr6/mtxs0/sx250.wav
train/dr6/mtxs0/sx340.wav
train/dr6/mtxs0/sx430.wav
train/dr6/mtxs0/sx70.wav
train/dr7/fblv0/si1058.wav
train/dr7/fblv0/si1688.wav
train/dr7/fblv0/si2318.wav
train/dr7/fblv0/sx158.wav
train/dr7/fblv0/sx248.wav
train/dr7/fblv0/sx338.wav
train/dr7/fblv0/sx428.wav
train/dr7/fblv0/sx68.wav
train/dr7/fcjs0/si1607.wav
train/dr7/fcjs0/si2237.wav
train/dr7/fcjs0/si977.wav
train/dr7/fcjs0/sx167.wav
train/dr7/fcjs0/sx257.wav
train/dr7/fcjs0/sx347.wav
train/dr7/fcjs0/sx437.wav
train/dr7/fcjs0/sx77.wav
train/dr7/fcrz0/si1913.wav
train/dr7/fcrz0/si2053.wav
train/dr7/fcrz0/si793.wav
train/dr7/fcrz0/sx163.wav
train/dr7/fcrz0/sx253.wav
train/dr7/fcrz0/sx343.wav
train/dr7/fcrz0/sx433.wav
train/dr7/fcrz0/sx73.wav
train/dr7/fjen0/si1047.wav
train/dr7/fjen0/si1677.wav
train/dr7/fjen0/si2307.wav
train/dr7/fjen0/sx147.wav
train/dr7/fjen0/sx237.wav
train/dr7/fjen0/sx327.wav
train/dr7/fjen0/sx417.wav
train/dr7/fjen0/sx57.wav
train/dr7/fjhk0/si1022.wav
train/dr7/fjhk0/si1652.wav
train/dr7/fjhk0/si2282.wav
train/dr7/fjhk0/sx122.wav
train/dr7/fjhk0/sx212.wav
train/dr7/fjhk0/sx302.wav
train/dr7/fjhk0/sx32.wav
train/dr7/fjhk0/sx392.wav
train/dr7/fjrp1/si1432.wav
train/dr7/fjrp1/si2062.wav
train/dr7/fjrp1/si802.wav
train/dr7/fjrp1/sx172.wav
train/dr7/fjrp1/sx262.wav
train/dr7/fjrp1/sx352.wav
train/dr7/fjrp1/sx442.wav
train/dr7/fjrp1/sx82.wav
train/dr7/fjsk0/si1052.wav
train/dr7/fjsk0/si1682.wav
train/dr7/fjsk0/si2312.wav
train/dr7/fjsk0/sx152.wav
train/dr7/fjsk0/sx242.wav
train/dr7/fjsk0/sx332.wav
train/dr7/fjsk0/sx422.wav
train/dr7/fjsk0/sx62.wav
train/dr7/fkde0/si1141.wav
train/dr7/fkde0/si1771.wav
train/dr7/fkde0/si2221.wav
train/dr7/fkde0/sx151.wav
train/dr7/fkde0/sx241.wav
train/dr7/fkde0/sx331.wav
train/dr7/fkde0/sx421.wav
train/dr7/fkde0/sx61.wav
train/dr7/fksr0/si1117.wav
train/dr7/fksr0/si1747.wav
train/dr7/fksr0/si487.wav
train/dr7/fksr0/sx161.wav
train/dr7/fksr0/sx217.wav
train/dr7/fksr0/sx366.wav
train/dr7/fksr0/sx37.wav
train/dr7/fksr0/sx397.wav
train/dr7/fleh0/si1051.wav
train/dr7/fleh0/si1681.wav
train/dr7/fleh0/si2311.wav
train/dr7/fleh0/sx151.wav
train/dr7/fleh0/sx241.wav
train/dr7/fleh0/sx331.wav
train/dr7/fleh0/sx421.wav
train/dr7/fleh0/sx61.wav
train/dr7/flet0/si1137.wav
train/dr7/flet0/si1767.wav
train/dr7/flet0/si507.wav
train/dr7/flet0/sx147.wav
train/dr7/flet0/sx237.wav
train/dr7/flet0/sx277.wav
train/dr7/flet0/sx417.wav
train/dr7/flet0/sx57.wav
train/dr7/fmah1/si1509.wav
train/dr7/fmah1/si2139.wav
train/dr7/fmah1/si879.wav
train/dr7/fmah1/sx159.wav
train/dr7/fmah1/sx249.wav
train/dr7/fmah1/sx339.wav
train/dr7/fmah1/sx429.wav
train/dr7/fmah1/sx69.wav
train/dr7/fmkc0/si1041.wav
train/dr7/fmkc0/si1072.wav
train/dr7/fmkc0/si1702.wav
train/dr7/fmkc0/sx172.wav
train/dr7/fmkc0/sx262.wav
train/dr7/fmkc0/sx352.wav
train/dr7/fmkc0/sx442.wav
train/dr7/fmkc0/sx82.wav
train/dr7/fpab1/si1471.wav
train/dr7/fpab1/si2101.wav
train/dr7/fpab1/si841.wav
train/dr7/fpab1/sx121.wav
train/dr7/fpab1/sx211.wav
train/dr7/fpab1/sx301.wav
train/dr7/fpab1/sx31.wav
train/dr7/fpab1/sx391.wav
train/dr7/fpac0/si1921.wav
train/dr7/fpac0/si2011.wav
train/dr7/fpac0/si661.wav
train/dr7/fpac0/sx121.wav
train/dr7/fpac0/sx211.wav
train/dr7/fpac0/sx301.wav
train/dr7/fpac0/sx31.wav
train/dr7/fpac0/sx391.wav
train/dr7/freh0/si1315.wav
train/dr7/freh0/si1945.wav
train/dr7/freh0/si685.wav
train/dr7/freh0/sx145.wav
train/dr7/freh0/sx235.wav
train/dr7/freh0/sx325.wav
train/dr7/freh0/sx415.wav
train/dr7/freh0/sx55.wav
train/dr7/fspm0/si1241.wav
train/dr7/fspm0/si1871.wav
train/dr7/fspm0/si611.wav
train/dr7/fspm0/sx161.wav
train/dr7/fspm0/sx251.wav
train/dr7/fspm0/sx341.wav
train/dr7/fspm0/sx431.wav
train/dr7/fspm0/sx71.wav
train/dr7/fvkb0/si1159.wav
train/dr7/fvkb0/si1789.wav
train/dr7/fvkb0/si529.wav
train/dr7/fvkb0/sx169.wav
train/dr7/fvkb0/sx259.wav
train/dr7/fvkb0/sx349.wav
train/dr7/fvkb0/sx439.wav
train/dr7/fvkb0/sx79.wav
train/dr7/madd0/si1295.wav
train/dr7/madd0/si1798.wav
train/dr7/madd0/si538.wav
train/dr7/madd0/sx178.wav
train/dr7/madd0/sx268.wav
train/dr7/madd0/sx358.wav
train/dr7/madd0/sx448.wav
train/dr7/madd0/sx88.wav
train/dr7/maeo0/si1326.wav
train/dr7/maeo0/si1655.wav
train/dr7/maeo0/si1956.wav
train/dr7/maeo0/sx156.wav
train/dr7/maeo0/sx246.wav
train/dr7/maeo0/sx336.wav
train/dr7/maeo0/sx426.wav
train/dr7/maeo0/sx66.wav
train/dr7/mafm0/si1569.wav
train/dr7/mafm0/si2199.wav
train/dr7/mafm0/si939.wav
train/dr7/mafm0/sx129.wav
train/dr7/mafm0/sx219.wav
train/dr7/mafm0/sx309.wav
train/dr7/mafm0/sx39.wav
train/dr7/mafm0/sx399.wav
train/dr7/mbar0/si1319.wav
train/dr7/mbar0/si1949.wav
train/dr7/mbar0/si689.wav
train/dr7/mbar0/sx149.wav
train/dr7/mbar0/sx239.wav
train/dr7/mbar0/sx329.wav
train/dr7/mbar0/sx419.wav
train/dr7/mbar0/sx59.wav
train/dr7/mbbr0/si1055.wav
train/dr7/mbbr0/si1685.wav
train/dr7/mbbr0/si2315.wav
train/dr7/mbbr0/sx155.wav
train/dr7/mbbr0/sx245.wav
train/dr7/mbbr0/sx335.wav
train/dr7/mbbr0/sx425.wav
train/dr7/mbbr0/sx65.wav
train/dr7/mbml0/si1169.wav
train/dr7/mbml0/si1799.wav
train/dr7/mbml0/si539.wav
train/dr7/mbml0/sx179.wav
train/dr7/mbml0/sx269.wav
train/dr7/mbml0/sx359.wav
train/dr7/mbml0/sx449.wav
train/dr7/mbml0/sx89.wav
train/dr7/mbom0/si1014.wav
train/dr7/mbom0/si1644.wav
train/dr7/mbom0/si2274.wav
train/dr7/mbom0/sx114.wav
train/dr7/mbom0/sx204.wav
train/dr7/mbom0/sx294.wav
train/dr7/mbom0/sx311.wav
train/dr7/mbom0/sx384.wav
train/dr7/mbth0/si2102.wav
train/dr7/mbth0/si505.wav
train/dr7/mbth0/si757.wav
train/dr7/mbth0/sx122.wav
train/dr7/mbth0/sx212.wav
train/dr7/mbth0/sx302.wav
train/dr7/mbth0/sx32.wav
train/dr7/mbth0/sx392.wav
train/dr7/mclk0/si1660.wav
train/dr7/mclk0/si2290.wav
train/dr7/mclk0/si650.wav
train/dr7/mclk0/sx130.wav
train/dr7/mclk0/sx220.wav
train/dr7/mclk0/sx310.wav
train/dr7/mclk0/sx40.wav
train/dr7/mclk0/sx400.wav
train/dr7/mcre0/si1121.wav
train/dr7/mcre0/si1725.wav
train/dr7/mcre0/si1751.wav
train/dr7/mcre0/sx131.wav
train/dr7/mcre0/sx221.wav
train/dr7/mcre0/sx24.wav
train/dr7/mcre0/sx401.wav
train/dr7/mcre0/sx41.wav
train/dr7/mcth0/si1209.wav
train/dr7/mcth0/si1839.wav
train/dr7/mcth0/si579.wav
train/dr7/mcth0/sx129.wav
train/dr7/mcth0/sx219.wav
train/dr7/mcth0/sx309.wav
train/dr7/mcth0/sx39.wav
train/dr7/mcth0/sx399.wav
train/dr7/mdcm0/si1480.wav
train/dr7/mdcm0/si2110.wav
train/dr7/mdcm0/si850.wav
train/dr7/mdcm0/sx130.wav
train/dr7/mdcm0/sx220.wav
train/dr7/mdcm0/sx310.wav
train/dr7/mdcm0/sx40.wav
train/dr7/mdcm0/sx400.wav
train/dr7/mded0/si1170.wav
train/dr7/mded0/si1800.wav
train/dr7/mded0/si540.wav
train/dr7/mded0/sx180.wav
train/dr7/mded0/sx270.wav
train/dr7/mded0/sx360.wav
train/dr7/mded0/sx450.wav
train/dr7/mded0/sx90.wav
train/dr7/mdks0/si1066.wav
train/dr7/mdks0/si1696.wav
train/dr7/mdks0/si2326.wav
train/dr7/mdks0/sx166.wav
train/dr7/mdks0/sx256.wav
train/dr7/mdks0/sx346.wav
train/dr7/mdks0/sx436.wav
train/dr7/mdks0/sx76.wav
train/dr7/mdlc1/si1435.wav
train/dr7/mdlc1/si2065.wav
train/dr7/mdlc1/si2144.wav
train/dr7/mdlc1/sx175.wav
train/dr7/mdlc1/sx265.wav
train/dr7/mdlc1/sx355.wav
train/dr7/mdlc1/sx445.wav
train/dr7/mdlc1/sx85.wav
train/dr7/mdlm0/si1234.wav
train/dr7/mdlm0/si1864.wav
train/dr7/mdlm0/si604.wav
train/dr7/mdlm0/sx154.wav
train/dr7/mdlm0/sx244.wav
train/dr7/mdlm0/sx334.wav
train/dr7/mdlm0/sx424.wav
train/dr7/mdlm0/sx64.wav
train/dr7/mdlr0/si1233.wav
train/dr7/mdlr0/si1863.wav
train/dr7/mdlr0/si603.wav
train/dr7/mdlr0/sx153.wav
train/dr7/mdlr0/sx243.wav
train/dr7/mdlr0/sx333.wav
train/dr7/mdlr0/sx423.wav
train/dr7/mdlr0/sx63.wav
train/dr7/mdlr1/si1299.wav
train/dr7/mdlr1/si1929.wav
train/dr7/mdlr1/si669.wav
train/dr7/mdlr1/sx129.wav
train/dr7/mdlr1/sx219.wav
train/dr7/mdlr1/sx309.wav
train/dr7/mdlr1/sx39.wav
train/dr7/mdlr1/sx399.wav
train/dr7/mdpb0/si1760.wav
train/dr7/mdpb0/si2126.wav
train/dr7/mdpb0/si866.wav
train/dr7/mdpb0/sx146.wav
train/dr7/mdpb0/sx236.wav
train/dr7/mdpb0/sx326.wav
train/dr7/mdpb0/sx416.wav
train/dr7/mdpb0/sx56.wav
train/dr7/mfxs0/si1674.wav
train/dr7/mfxs0/si2225.wav
train/dr7/mfxs0/si2304.wav
train/dr7/mfxs0/sx144.wav
train/dr7/mfxs0/sx234.wav
train/dr7/mfxs0/sx324.wav
train/dr7/mfxs0/sx414.wav
train/dr7/mfxs0/sx54.wav
train/dr7/mfxv0/si1005.wav
train/dr7/mfxv0/si1342.wav
train/dr7/mfxv0/si1635.wav
train/dr7/mfxv0/sx105.wav
train/dr7/mfxv0/sx15.wav
train/dr7/mfxv0/sx195.wav
train/dr7/mfxv0/sx285.wav
train/dr7/mfxv0/sx375.wav
train/dr7/mgak0/si1036.wav
train/dr7/mgak0/si1666.wav
train/dr7/mgak0/si2296.wav
train/dr7/mgak0/sx136.wav
train/dr7/mgak0/sx226.wav
train/dr7/mgak0/sx316.wav
train/dr7/mgak0/sx406.wav
train/dr7/mgak0/sx46.wav
train/dr7/mgar0/si1212.wav
train/dr7/mgar0/si1694.wav
train/dr7/mgar0/si1842.wav
train/dr7/mgar0/sx132.wav
train/dr7/mgar0/sx222.wav
train/dr7/mgar0/sx312.wav
train/dr7/mgar0/sx402.wav
train/dr7/mgar0/sx42.wav
train/dr7/mgaw0/si1165.wav
train/dr7/mgaw0/si1802.wav
train/dr7/mgaw0/si535.wav
train/dr7/mgaw0/sx175.wav
train/dr7/mgaw0/sx265.wav
train/dr7/mgaw0/sx355.wav
train/dr7/mgaw0/sx445.wav
train/dr7/mgaw0/sx85.wav
train/dr7/mgsl0/si1164.wav
train/dr7/mgsl0/si534.wav
train/dr7/mgsl0/si797.wav
train/dr7/mgsl0/sx174.wav
train/dr7/mgsl0/sx264.wav
train/dr7/mgsl0/sx354.wav
train/dr7/mgsl0/sx444.wav
train/dr7/mgsl0/sx84.wav
train/dr7/mhbs0/si1575.wav
train/dr7/mhbs0/si2205.wav
train/dr7/mhbs0/si945.wav
train/dr7/mhbs0/sx135.wav
train/dr7/mhbs0/sx225.wav
train/dr7/mhbs0/sx315.wav
train/dr7/mhbs0/sx405.wav
train/dr7/mhbs0/sx45.wav
train/dr7/mhxl0/si1772.wav
train/dr7/mhxl0/si512.wav
train/dr7/mhxl0/si612.wav
train/dr7/mhxl0/sx152.wav
train/dr7/mhxl0/sx242.wav
train/dr7/mhxl0/sx332.wav
train/dr7/mhxl0/sx422.wav
train/dr7/mhxl0/sx62.wav
train/dr7/mjai0/si1604.wav
train/dr7/mjai0/si682.wav
train/dr7/mjai0/si710.wav
train/dr7/mjai0/sx164.wav
train/dr7/mjai0/sx254.wav
train/dr7/mjai0/sx344.wav
train/dr7/mjai0/sx434.wav
train/dr7/mjai0/sx74.wav
train/dr7/mjdg0/si1042.wav
train/dr7/mjdg0/si1672.wav
train/dr7/mjdg0/si1705.wav
train/dr7/mjdg0/sx142.wav
train/dr7/mjdg0/sx232.wav
train/dr7/mjdg0/sx322.wav
train/dr7/mjdg0/sx412.wav
train/dr7/mjdg0/sx52.wav
train/dr7/mjfr0/si1605.wav
train/dr7/mjfr0/si2235.wav
train/dr7/mjfr0/si975.wav
train/dr7/mjfr0/sx165.wav
train/dr7/mjfr0/sx255.wav
train/dr7/mjfr0/sx345.wav
train/dr7/mjfr0/sx435.wav
train/dr7/mjfr0/sx75.wav
train/dr7/mjjm0/si1251.wav
train/dr7/mjjm0/si1457.wav
train/dr7/mjjm0/si827.wav
train/dr7/mjjm0/sx107.wav
train/dr7/mjjm0/sx17.wav
train/dr7/mjjm0/sx197.wav
train/dr7/mjjm0/sx287.wav
train/dr7/mjjm0/sx377.wav
train/dr7/mjra0/si1236.wav
train/dr7/mjra0/si1866.wav
train/dr7/mjra0/si606.wav
train/dr7/mjra0/sx156.wav
train/dr7/mjra0/sx246.wav
train/dr7/mjra0/sx336.wav
train/dr7/mjra0/sx426.wav
train/dr7/mjra0/sx66.wav
train/dr7/mkag0/si1609.wav
train/dr7/mkag0/si2239.wav
train/dr7/mkag0/si979.wav
train/dr7/mkag0/sx169.wav
train/dr7/mkag0/sx259.wav
train/dr7/mkag0/sx30.wav
train/dr7/mkag0/sx439.wav
train/dr7/mkag0/sx79.wav
train/dr7/mkdb0/si2132.wav
train/dr7/mkdb0/si588.wav
train/dr7/mkdb0/si872.wav
train/dr7/mkdb0/sx152.wav
train/dr7/mkdb0/sx242.wav
train/dr7/mkdb0/sx332.wav
train/dr7/mkdb0/sx422.wav
train/dr7/mkdb0/sx62.wav
train/dr7/mklr0/si1059.wav
train/dr7/mklr0/si1689.wav
train/dr7/mklr0/si2319.wav
train/dr7/mklr0/sx159.wav
train/dr7/mklr0/sx249.wav
train/dr7/mklr0/sx339.wav
train/dr7/mklr0/sx429.wav
train/dr7/mklr0/sx69.wav
train/dr7/mmdg0/si1780.wav
train/dr7/mmdg0/si2035.wav
train/dr7/mmdg0/si520.wav
train/dr7/mmdg0/sx160.wav
train/dr7/mmdg0/sx250.wav
train/dr7/mmdg0/sx340.wav
train/dr7/mmdg0/sx430.wav
train/dr7/mmdg0/sx70.wav
train/dr7/mmws1/si1071.wav
train/dr7/mmws1/si1701.wav
train/dr7/mmws1/si2331.wav
train/dr7/mmws1/sx261.wav
train/dr7/mmws1/sx27.wav
train/dr7/mmws1/sx351.wav
train/dr7/mmws1/sx441.wav
train/dr7/mmws1/sx81.wav
train/dr7/mntw0/si1068.wav
train/dr7/mntw0/si1698.wav
train/dr7/mntw0/si2328.wav
train/dr7/mntw0/sx168.wav
train/dr7/mntw0/sx202.wav
train/dr7/mntw0/sx258.wav
train/dr7/mntw0/sx348.wav
train/dr7/mntw0/sx78.wav
train/dr7/mpar0/si1576.wav
train/dr7/mpar0/si2206.wav
train/dr7/mpar0/si946.wav
train/dr7/mpar0/sx136.wav
train/dr7/mpar0/sx226.wav
train/dr7/mpar0/sx316.wav
train/dr7/mpar0/sx406.wav
train/dr7/mpar0/sx46.wav
train/dr7/mpfu0/si1258.wav
train/dr7/mpfu0/si1888.wav
train/dr7/mpfu0/si628.wav
train/dr7/mpfu0/sx178.wav
train/dr7/mpfu0/sx268.wav
train/dr7/mpfu0/sx358.wav
train/dr7/mpfu0/sx448.wav
train/dr7/mpfu0/sx88.wav
train/dr7/mrem0/si1591.wav
train/dr7/mrem0/si511.wav
train/dr7/mrem0/si961.wav
train/dr7/mrem0/sx151.wav
train/dr7/mrem0/sx241.wav
train/dr7/mrem0/sx331.wav
train/dr7/mrem0/sx421.wav
train/dr7/mrem0/sx61.wav
train/dr7/mrlj1/si1671.wav
train/dr7/mrlj1/si2301.wav
train/dr7/mrlj1/si2332.wav
train/dr7/mrlj1/sx141.wav
train/dr7/mrlj1/sx231.wav
train/dr7/mrlj1/sx321.wav
train/dr7/mrlj1/sx411.wav
train/dr7/mrlj1/sx51.wav
train/dr7/mrmg0/si1080.wav
train/dr7/mrmg0/si1710.wav
train/dr7/mrmg0/si2340.wav
train/dr7/mrmg0/sx180.wav
train/dr7/mrmg0/sx270.wav
train/dr7/mrmg0/sx360.wav
train/dr7/mrmg0/sx450.wav
train/dr7/mrmg0/sx90.wav
train/dr7/mrmh0/si1021.wav
train/dr7/mrmh0/si1349.wav
train/dr7/mrmh0/si2281.wav
train/dr7/mrmh0/sx121.wav
train/dr7/mrmh0/sx211.wav
train/dr7/mrmh0/sx301.wav
train/dr7/mrmh0/sx31.wav
train/dr7/mrmh0/sx391.wav
train/dr7/mrpc1/si1482.wav
train/dr7/mrpc1/si2026.wav
train/dr7/mrpc1/si2112.wav
train/dr7/mrpc1/sx132.wav
train/dr7/mrpc1/sx222.wav
train/dr7/mrpc1/sx312.wav
train/dr7/mrpc1/sx402.wav
train/dr7/mrpc1/sx42.wav
train/dr7/msah1/si1049.wav
train/dr7/msah1/si1679.wav
train/dr7/msah1/si2309.wav
train/dr7/msah1/sx149.wav
train/dr7/msah1/sx239.wav
train/dr7/msah1/sx329.wav
train/dr7/msah1/sx419.wav
train/dr7/msah1/sx59.wav
train/dr7/msdb0/si1007.wav
train/dr7/msdb0/si1637.wav
train/dr7/msdb0/si2267.wav
train/dr7/msdb0/sx107.wav
train/dr7/msdb0/sx17.wav
train/dr7/msdb0/sx197.wav
train/dr7/msdb0/sx287.wav
train/dr7/msdb0/sx377.wav
train/dr7/mses0/si1589.wav
train/dr7/mses0/si2216.wav
train/dr7/mses0/si2219.wav
train/dr7/mses0/sx149.wav
train/dr7/mses0/sx239.wav
train/dr7/mses0/sx329.wav
train/dr7/mses0/sx419.wav
train/dr7/mses0/sx59.wav
train/dr7/mtab0/si1572.wav
train/dr7/mtab0/si2202.wav
train/dr7/mtab0/si942.wav
train/dr7/mtab0/sx132.wav
train/dr7/mtab0/sx222.wav
train/dr7/mtab0/sx312.wav
train/dr7/mtab0/sx402.wav
train/dr7/mtab0/sx42.wav
train/dr7/mter0/si1157.wav
train/dr7/mter0/si1787.wav
train/dr7/mter0/si527.wav
train/dr7/mter0/sx167.wav
train/dr7/mter0/sx17.wav
train/dr7/mter0/sx257.wav
train/dr7/mter0/sx437.wav
train/dr7/mter0/sx77.wav
train/dr7/mtkd0/si1187.wav
train/dr7/mtkd0/si1817.wav
train/dr7/mtkd0/si630.wav
train/dr7/mtkd0/sx107.wav
train/dr7/mtkd0/sx17.wav
train/dr7/mtkd0/sx197.wav
train/dr7/mtkd0/sx287.wav
train/dr7/mtkd0/sx377.wav
train/dr7/mtlc0/si1313.wav
train/dr7/mtlc0/si1477.wav
train/dr7/mtlc0/si847.wav
train/dr7/mtlc0/sx127.wav
train/dr7/mtlc0/sx217.wav
train/dr7/mtlc0/sx307.wav
train/dr7/mtlc0/sx37.wav
train/dr7/mtlc0/sx397.wav
train/dr7/mtml0/si1065.wav
train/dr7/mtml0/si1695.wav
train/dr7/mtml0/si2325.wav
train/dr7/mtml0/sx165.wav
train/dr7/mtml0/sx255.wav
train/dr7/mtml0/sx345.wav
train/dr7/mtml0/sx435.wav
train/dr7/mtml0/sx75.wav
train/dr7/mtmn0/si1064.wav
train/dr7/mtmn0/si2324.wav
train/dr7/mtmn0/si582.wav
train/dr7/mtmn0/sx164.wav
train/dr7/mtmn0/sx254.wav
train/dr7/mtmn0/sx344.wav
train/dr7/mtmn0/sx434.wav
train/dr7/mtmn0/sx74.wav
train/dr7/mtpr0/si1600.wav
train/dr7/mtpr0/si2230.wav
train/dr7/mtpr0/si506.wav
train/dr7/mtpr0/sx160.wav
train/dr7/mtpr0/sx250.wav
train/dr7/mtpr0/sx340.wav
train/dr7/mtpr0/sx430.wav
train/dr7/mtpr0/sx70.wav
train/dr7/mtwh1/si1512.wav
train/dr7/mtwh1/si2142.wav
train/dr7/mtwh1/si882.wav
train/dr7/mtwh1/sx162.wav
train/dr7/mtwh1/sx252.wav
train/dr7/mtwh1/sx342.wav
train/dr7/mtwh1/sx432.wav
train/dr7/mtwh1/sx72.wav
train/dr7/mvrw0/si1485.wav
train/dr7/mvrw0/si2115.wav
train/dr7/mvrw0/si855.wav
train/dr7/mvrw0/sx135.wav
train/dr7/mvrw0/sx225.wav
train/dr7/mvrw0/sx315.wav
train/dr7/mvrw0/sx405.wav
train/dr7/mvrw0/sx45.wav
train/dr7/mwre0/si1057.wav
train/dr7/mwre0/si1687.wav
train/dr7/mwre0/si2317.wav
train/dr7/mwre0/sx157.wav
train/dr7/mwre0/sx247.wav
train/dr7/mwre0/sx337.wav
train/dr7/mwre0/sx427.wav
train/dr7/mwre0/sx67.wav
train/dr7/mwrp0/si1443.wav
train/dr7/mwrp0/si1525.wav
train/dr7/mwrp0/si2073.wav
train/dr7/mwrp0/sx183.wav
train/dr7/mwrp0/sx273.wav
train/dr7/mwrp0/sx3.wav
train/dr7/mwrp0/sx363.wav
train/dr7/mwrp0/sx93.wav
train/dr8/fbcg1/si1612.wav
train/dr8/fbcg1/si2242.wav
train/dr8/fbcg1/si982.wav
train/dr8/fbcg1/sx172.wav
train/dr8/fbcg1/sx262.wav
train/dr8/fbcg1/sx352.wav
train/dr8/fbcg1/sx442.wav
train/dr8/fbcg1/sx82.wav
train/dr8/fceg0/si1248.wav
train/dr8/fceg0/si1878.wav
train/dr8/fceg0/si618.wav
train/dr8/fceg0/sx168.wav
train/dr8/fceg0/sx258.wav
train/dr8/fceg0/sx348.wav
train/dr8/fceg0/sx438.wav
train/dr8/fceg0/sx78.wav
train/dr8/fclt0/si1438.wav
train/dr8/fclt0/si2068.wav
train/dr8/fclt0/si808.wav
train/dr8/fclt0/sx178.wav
train/dr8/fclt0/sx268.wav
train/dr8/fclt0/sx358.wav
train/dr8/fclt0/sx448.wav
train/dr8/fclt0/sx88.wav
train/dr8/fjrb0/si1302.wav
train/dr8/fjrb0/si1932.wav
train/dr8/fjrb0/si672.wav
train/dr8/fjrb0/sx132.wav
train/dr8/fjrb0/sx222.wav
train/dr8/fjrb0/sx312.wav
train/dr8/fjrb0/sx402.wav
train/dr8/fjrb0/sx42.wav
train/dr8/fklh0/si1257.wav
train/dr8/fklh0/si1887.wav
train/dr8/fklh0/si627.wav
train/dr8/fklh0/sx177.wav
train/dr8/fklh0/sx267.wav
train/dr8/fklh0/sx357.wav
train/dr8/fklh0/sx447.wav
train/dr8/fklh0/sx87.wav
train/dr8/fmbg0/si1160.wav
train/dr8/fmbg0/si1790.wav
train/dr8/fmbg0/si2264.wav
train/dr8/fmbg0/sx260.wav
train/dr8/fmbg0/sx3.wav
train/dr8/fmbg0/sx350.wav
train/dr8/fmbg0/sx440.wav
train/dr8/fmbg0/sx80.wav
train/dr8/fnkl0/si1522.wav
train/dr8/fnkl0/si2152.wav
train/dr8/fnkl0/si892.wav
train/dr8/fnkl0/sx172.wav
train/dr8/fnkl0/sx196.wav
train/dr8/fnkl0/sx262.wav
train/dr8/fnkl0/sx442.wav
train/dr8/fnkl0/sx82.wav
train/dr8/fpls0/si1590.wav
train/dr8/fpls0/si2220.wav
train/dr8/fpls0/si960.wav
train/dr8/fpls0/sx150.wav
train/dr8/fpls0/sx240.wav
train/dr8/fpls0/sx3.wav
train/dr8/fpls0/sx330.wav
train/dr8/fpls0/sx60.wav
train/dr8/mbcg0/si2217.wav
train/dr8/mbcg0/si486.wav
train/dr8/mbcg0/si957.wav
train/dr8/mbcg0/sx147.wav
train/dr8/mbcg0/sx237.wav
train/dr8/mbcg0/sx327.wav
train/dr8/mbcg0/sx417.wav
train/dr8/mbcg0/sx57.wav
train/dr8/mbsb0/si1353.wav
train/dr8/mbsb0/si1983.wav
train/dr8/mbsb0/si723.wav
train/dr8/mbsb0/sx183.wav
train/dr8/mbsb0/sx273.wav
train/dr8/mbsb0/sx3.wav
train/dr8/mbsb0/sx363.wav
train/dr8/mbsb0/sx93.wav
train/dr8/mcxm0/si1351.wav
train/dr8/mcxm0/si1981.wav
train/dr8/mcxm0/si721.wav
train/dr8/mcxm0/sx181.wav
train/dr8/mcxm0/sx271.wav
train/dr8/mcxm0/sx361.wav
train/dr8/mcxm0/sx451.wav
train/dr8/mcxm0/sx91.wav
train/dr8/mejs0/si1240.wav
train/dr8/mejs0/si1870.wav
train/dr8/mejs0/si610.wav
train/dr8/mejs0/sx160.wav
train/dr8/mejs0/sx250.wav
train/dr8/mejs0/sx340.wav
train/dr8/mejs0/sx430.wav
train/dr8/mejs0/sx70.wav
train/dr8/mkdd0/si1567.wav
train/dr8/mkdd0/si2197.wav
train/dr8/mkdd0/si937.wav
train/dr8/mkdd0/sx127.wav
train/dr8/mkdd0/sx217.wav
train/dr8/mkdd0/sx307.wav
train/dr8/mkdd0/sx37.wav
train/dr8/mkdd0/sx397.wav
train/dr8/mkrg0/si1491.wav
train/dr8/mkrg0/si2121.wav
train/dr8/mkrg0/si861.wav
train/dr8/mkrg0/sx141.wav
train/dr8/mkrg0/sx231.wav
train/dr8/mkrg0/sx31.wav
train/dr8/mkrg0/sx411.wav
train/dr8/mkrg0/sx51.wav
train/dr8/mmea0/si1388.wav
train/dr8/mmea0/si2018.wav
train/dr8/mmea0/si758.wav
train/dr8/mmea0/sx128.wav
train/dr8/mmea0/sx218.wav
train/dr8/mmea0/sx308.wav
train/dr8/mmea0/sx38.wav
train/dr8/mmea0/sx398.wav
train/dr8/mmlm0/si1527.wav
train/dr8/mmlm0/si2150.wav
train/dr8/mmlm0/si897.wav
train/dr8/mmlm0/sx177.wav
train/dr8/mmlm0/sx267.wav
train/dr8/mmlm0/sx357.wav
train/dr8/mmlm0/sx447.wav
train/dr8/mmlm0/sx87.wav
train/dr8/mmpm0/si1061.wav
train/dr8/mmpm0/si1691.wav
train/dr8/mmpm0/si2321.wav
train/dr8/mmpm0/sx161.wav
train/dr8/mmpm0/sx251.wav
train/dr8/mmpm0/sx341.wav
train/dr8/mmpm0/sx431.wav
train/dr8/mmpm0/sx71.wav
train/dr8/mmws0/si1518.wav
train/dr8/mmws0/si559.wav
train/dr8/mmws0/si888.wav
train/dr8/mmws0/sx168.wav
train/dr8/mmws0/sx258.wav
train/dr8/mmws0/sx348.wav
train/dr8/mmws0/sx438.wav
train/dr8/mmws0/sx78.wav
train/dr8/mrdm0/si1044.wav
train/dr8/mrdm0/si1595.wav
train/dr8/mrdm0/si965.wav
train/dr8/mrdm0/sx155.wav
train/dr8/mrdm0/sx245.wav
train/dr8/mrdm0/sx335.wav
train/dr8/mrdm0/sx425.wav
train/dr8/mrdm0/sx65.wav
train/dr8/mrlk0/si1468.wav
train/dr8/mrlk0/si2140.wav
train/dr8/mrlk0/si843.wav
train/dr8/mrlk0/sx123.wav
train/dr8/mrlk0/sx213.wav
train/dr8/mrlk0/sx303.wav
train/dr8/mrlk0/sx33.wav
train/dr8/mrlk0/sx393.wav
train/dr8/mrre0/si1334.wav
train/dr8/mrre0/si704.wav
train/dr8/mrre0/si952.wav
train/dr8/mrre0/sx164.wav
train/dr8/mrre0/sx254.wav
train/dr8/mrre0/sx344.wav
train/dr8/mrre0/sx434.wav
train/dr8/mrre0/sx74.wav
train/dr8/mtcs0/si1972.wav
train/dr8/mtcs0/si2265.wav
train/dr8/mtcs0/si712.wav
train/dr8/mtcs0/sx172.wav
train/dr8/mtcs0/sx262.wav
train/dr8/mtcs0/sx352.wav
train/dr8/mtcs0/sx442.wav
train/dr8/mtcs0/sx82.wav
